******************************************************************************
             TMS320C2000 Linker PC v6.2.7                      
******************************************************************************
>> Linked Fri Nov 20 09:31:15 2020

OUTPUT FILE NAME:   <2D_NMR_EC_DSP.out>
ENTRY POINT SYMBOL: "_c_int00"  address: 003f9ce0


MEMORY CONFIGURATION

         name            origin    length      used     unused   attr    fill
----------------------  --------  ---------  --------  --------  ----  --------
PAGE 0:
  RAMM0_0               00000040   00000330  00000310  00000020  RWIX
  RAMOUT_0              00100000   0001ffff  0000af23  000150dc  RWIX
  FLASH_E               003d8000   0001f000  0000d1ae  00011e52  RWIX
  BEGIN                 003f7ff6   00000002  00000002  00000000  RWIX
  PRAMH0                003f8000   00002000  00001f1c  000000e4  RWIX
  BOOTROM               003ff000   00000fc0  00000b50  00000470  RW  
  RESET                 003fffc0   00000002  00000000  00000002  RWIX
  VECTORS               003fffc2   0000003e  00000000  0000003e  RWIX

PAGE 1:
  RAMM0_1               00000370   00000090  00000070  00000020  RWIX
  RAMM1                 00000400   00000400  00000400  00000000  RWIX
  DEV_EMU               00000880   00000180  000000d2  000000ae  RWIX
  FLASH_REGS            00000a80   00000060  00000008  00000058  RWIX
  CSM                   00000ae0   00000010  00000010  00000000  RWIX
  XINTF                 00000b20   00000020  00000020  00000000  RWIX
  CPU_TIMER0            00000c00   00000008  00000008  00000000  RWIX
  PIE_CTRL              00000ce0   00000020  0000001a  00000006  RWIX
  PIE_VECT              00000d00   00000100  00000100  00000000  RWIX
  ECANA                 00006000   00000040  00000034  0000000c  RWIX
  ECANA_LAM             00006040   00000040  00000040  00000000  RWIX
  ECANA_MOTS            00006080   00000040  00000040  00000000  RWIX
  ECANA_MOTO            000060c0   00000040  00000040  00000000  RWIX
  ECANA_MBOX            00006100   00000100  00000100  00000000  RWIX
  SYSTEM                00007010   00000020  00000020  00000000  RWIX
  SPIA                  00007040   00000010  00000010  00000000  RWIX
  SCIA                  00007050   00000010  00000010  00000000  RWIX
  XINTRUPT              00007070   00000010  00000010  00000000  RWIX
  GPIOMUX               000070c0   00000020  00000020  00000000  RWIX
  GPIODAT               000070e0   00000020  00000020  00000000  RWIX
  ADC                   00007100   00000020  0000001a  00000006  RWIX
  EVA                   00007400   00000040  00000032  0000000e  RWIX
  EVB                   00007500   00000040  00000032  0000000e  RWIX
  SCIB                  00007750   00000010  00000010  00000000  RWIX
  MCBSPA                00007800   00000040  00000025  0000001b  RWIX
  RAML0_CODE_USE        00008000   00000100  00000000  00000100  RWIX
  RAML0_CODE_USE1       00008100   00000490  00000000  00000490  RWIX
  myzone                00008590   00000a70  0000096a  00000106  RWIX
  RAML1_RSV             00009000   00001000  00000000  00001000  RWIX
  FPGA_RSV              00080000   00080000  00000000  00080000  RWIX
  RAMOUT_1_CODE_USE     00120000   0001ffff  00000000  0001ffff  RWIX
  RAMOUT_2_RSV          00140000   0003ffff  00000000  0003ffff  RWIX
  CSM_PWL               003f7ff8   00000008  00000008  00000000  RWIX


SECTION ALLOCATION MAP

 output                                  attributes/
section   page    origin      length       input sections
--------  ----  ----------  ----------   ----------------
.const     0    00000040    00000000     UNINITIALIZED

.pinit     0    00000040    00000000     UNINITIALIZED

.text      0    003d8000    00001f18     RUN ADDR = 003f8000
                  003d8000    00000eb8     MyFunctions.obj (.text)
                  003d8eb8    00000290     MyFPGAFunctions.obj (.text)
                  003d9148    0000021c     PulseTop.obj (.text)
                  003d9364    000001b3     Mcbsp_interrupt.obj (.text:retain)
                  003d9517    0000014f     DSP281x_DefaultIsr.obj (.text:retain)
                  003d9666    00000139     main.obj (.text)
                  003d979f    00000124     DSP281x_SysCtrl.obj (.text)
                  003d98c3    0000010a     ScanTop.obj (.text)
                  003d99cd    00000083     rts2800_ml.lib : fd_mpy.obj (.text)
                  003d9a50    00000083                    : fs_div.obj (.text)
                  003d9ad3    00000082     DE_CPMG_Top.obj (.text:retain)
                  003d9b55    00000078     rts2800_ml.lib : fs_add.obj (.text)
                  003d9bcd    0000006d     TableHandle.obj (.text)
                  003d9c3a    0000005a     rts2800_ml.lib : fs_mpy.obj (.text)
                  003d9c94    0000004c     Mcbspinitial.obj (.text)
                  003d9ce0    00000044     rts2800_ml.lib : boot.obj (.text)
                  003d9d24    0000002a                    : l_div.obj (.text)
                  003d9d4e    00000029                    : fs_tol.obj (.text)
                  003d9d77    00000028     DSP281x_PieCtrl.obj (.text)
                  003d9d9f    00000025     MyFunctions.obj (.text:retain)
                  003d9dc4    00000021     rts2800_ml.lib : fs_toul.obj (.text)
                  003d9de5    00000020     DSP281x_PieVect.obj (.text)
                  003d9e05    0000001f     rts2800_ml.lib : fd_tol.obj (.text)
                  003d9e24    0000001d                    : fs_tou.obj (.text)
                  003d9e41    0000001c                    : fs_tofd.obj (.text)
                  003d9e5d    0000001c                    : l_tofd.obj (.text)
                  003d9e79    00000018                    : exit.obj (.text)
                  003d9e91    00000017                    : u_tofd.obj (.text)
                  003d9ea8    00000016                    : ul_tofd.obj (.text)
                  003d9ebe    00000015                    : args_main.obj (.text)
                  003d9ed3    00000013                    : ul_tofs.obj (.text)
                  003d9ee6    00000010                    : u_tofs.obj (.text)
                  003d9ef6    0000000e     HRT1T22FModeTop.obj (.text)
                  003d9f04    0000000b     rts2800_ml.lib : u_div.obj (.text)
                  003d9f0f    00000009                    : _lock.obj (.text)

IQmath     0    003d9f18    000001b8     RUN ADDR = 00000040
                  003d9f18    0000007f     IQmath.lib : IQ10atan2.obj (IQmath)
                  003d9f97    00000060                : IQ10mag.obj (IQmath)
                  003d9ff7    00000047                : IQ10div.obj (IQmath)
                  003da03e    00000047                : IQ3div.obj (IQmath)
                  003da085    00000042                : IQ10sqrt.obj (IQmath)
                  003da0c7    00000009                : IQ10int.obj (IQmath)

.econst    0    003da0d0    00000108     RUN ADDR = 000001f8
                  003da0d0    00000100     DSP281x_PieVect.obj (.econst)
                  003da1d0    00000004     MyFunctions.obj (.econst)
                  003da1d4    00000004     PulseTop.obj (.econst)

.switch    0    003da1d8    0000003a     RUN ADDR = 00000300
                  003da1d8    00000022     Mcbsp_interrupt.obj (.switch:_MRINTA_ISR1)
                  003da1fa    00000018     TableHandle.obj (.switch:_ChangeTable999)

.cinit     0    003da212    00000016     RUN ADDR = 0000033a
                  003da212    0000000a     rts2800_ml.lib : _lock.obj (.cinit)
                  003da21c    0000000a                    : exit.obj (.cinit)
                  003da226    00000002     --HOLE-- [fill = 0]

Datatable 
*          0    003da228    0000af23     RUN ADDR = 00100000
                  003da228    0000255c     TableHandle.obj (Datatable)
                  003dc784    000014c9     T2DModeTop.obj (Datatable)
                  003ddc4d    00001121     DFT1T2DModeTop.obj (Datatable)
                  003ded6e    00000d79     MainInitial.obj (Datatable)
                  003dfae7    00000aad     PPHOIL6F_2ModeTop.obj (Datatable)
                  003e0594    00000a48     PPHOIL6FModeTop.obj (Datatable)
                  003e0fdc    000009d9     PPLOIL6FModeTop.obj (Datatable)
                  003e19b5    0000099e     Gas6FreqTop.obj (Datatable)
                  003e2353    00000975     Gas6_2ModeTop.obj (Datatable)
                  003e2cc8    00000665     P3D6FModeTop.obj (Datatable)
                  003e332d    00000580     Oil3FreqTop.obj (Datatable)
                  003e38ad    00000579     PP6FreqTop.obj (Datatable)
                  003e3e26    000004ce     T1T2ModeTop.obj (Datatable)
                  003e42f4    000003bb     T1T2DModeTop.obj (Datatable)
                  003e46af    0000033c     HRT1T22FModeTop.obj (Datatable)
                  003e49eb    0000027f     PP3FreqTop.obj (Datatable)
                  003e4c6a    00000211     FBW2FModeTop.obj (Datatable)
                  003e4e7b    000001f6     ScaleHoleTop.obj (Datatable)
                  003e5071    000000da     DE_CPMG_Top.obj (Datatable)

ramfuncs   0    003e514b    00000004     RUN ADDR = 003f9f18
                  003e514b    00000004     DSP281x_usDelay.obj (ramfuncs)

copysections 
*          0    003e514f    00000057     
                  003e514f    00000057     DSP281x_SectionCopy.obj (copysections)

wddisable 
*          0    003e51a6    00000008     
                  003e51a6    00000008     DSP281x_CodeStartBranch.obj (wddisable)

codestart 
*          0    003f7ff6    00000002     
                  003f7ff6    00000002     DSP281x_CodeStartBranch.obj (codestart)

IQmathTables 
*          0    003ff000    00000b50     NOLOAD SECTION
                  003ff000    00000b50     IQmath.lib : IQmathTables.obj (IQmathTables)

.reset     0    003fffc0    00000002     DSECT
                  003fffc0    00000002     rts2800_ml.lib : boot.obj (.reset)

vectors    0    003fffc2    00000000     DSECT

.ebss      1    00000370    00000070     UNINITIALIZED
                  00000370    00000008     DSP281x_CpuTimers.obj (.ebss)
                  00000378    00000004     MyFunctions.obj (.ebss)
                  0000037c    00000004     rts2800_ml.lib : _lock.obj (.ebss)
                  00000380    0000005c     MyVariables.obj (.ebss)
                  000003dc    00000004     rts2800_ml.lib : exit.obj (.ebss)

.bss       1    00000370    00000000     UNINITIALIZED

.stack     1    00000400    00000400     UNINITIALIZED
                  00000400    00000400     --HOLE--

DevEmuRegsFile 
*          1    00000880    000000d2     UNINITIALIZED
                  00000880    000000d2     DSP281x_GlobalVariableDefs.obj (DevEmuRegsFile)

FlashRegsFile 
*          1    00000a80    00000008     UNINITIALIZED
                  00000a80    00000008     DSP281x_GlobalVariableDefs.obj (FlashRegsFile)

CsmRegsFile 
*          1    00000ae0    00000010     UNINITIALIZED
                  00000ae0    00000010     DSP281x_GlobalVariableDefs.obj (CsmRegsFile)

XintfRegsFile 
*          1    00000b20    00000020     UNINITIALIZED
                  00000b20    00000020     DSP281x_GlobalVariableDefs.obj (XintfRegsFile)

CpuTimer0RegsFile 
*          1    00000c00    00000008     UNINITIALIZED
                  00000c00    00000008     DSP281x_GlobalVariableDefs.obj (CpuTimer0RegsFile)

PieCtrlRegsFile 
*          1    00000ce0    0000001a     UNINITIALIZED
                  00000ce0    0000001a     DSP281x_GlobalVariableDefs.obj (PieCtrlRegsFile)

PieVectTableFile 
*          1    00000d00    00000100     UNINITIALIZED
                  00000d00    00000100     DSP281x_GlobalVariableDefs.obj (PieVectTableFile)

ECanaRegsFile 
*          1    00006000    00000034     UNINITIALIZED
                  00006000    00000034     DSP281x_GlobalVariableDefs.obj (ECanaRegsFile)

ECanaLAMRegsFile 
*          1    00006040    00000040     UNINITIALIZED
                  00006040    00000040     DSP281x_GlobalVariableDefs.obj (ECanaLAMRegsFile)

ECanaMOTSRegsFile 
*          1    00006080    00000040     UNINITIALIZED
                  00006080    00000040     DSP281x_GlobalVariableDefs.obj (ECanaMOTSRegsFile)

ECanaMOTORegsFile 
*          1    000060c0    00000040     UNINITIALIZED
                  000060c0    00000040     DSP281x_GlobalVariableDefs.obj (ECanaMOTORegsFile)

ECanaMboxesFile 
*          1    00006100    00000100     UNINITIALIZED
                  00006100    00000100     DSP281x_GlobalVariableDefs.obj (ECanaMboxesFile)

SysCtrlRegsFile 
*          1    00007010    00000020     UNINITIALIZED
                  00007010    00000020     DSP281x_GlobalVariableDefs.obj (SysCtrlRegsFile)

SpiaRegsFile 
*          1    00007040    00000010     UNINITIALIZED
                  00007040    00000010     DSP281x_GlobalVariableDefs.obj (SpiaRegsFile)

SciaRegsFile 
*          1    00007050    00000010     UNINITIALIZED
                  00007050    00000010     DSP281x_GlobalVariableDefs.obj (SciaRegsFile)

XIntruptRegsFile 
*          1    00007070    00000010     UNINITIALIZED
                  00007070    00000010     DSP281x_GlobalVariableDefs.obj (XIntruptRegsFile)

GpioMuxRegsFile 
*          1    000070c0    00000020     UNINITIALIZED
                  000070c0    00000020     DSP281x_GlobalVariableDefs.obj (GpioMuxRegsFile)

GpioDataRegsFile 
*          1    000070e0    00000020     UNINITIALIZED
                  000070e0    00000020     DSP281x_GlobalVariableDefs.obj (GpioDataRegsFile)

AdcRegsFile 
*          1    00007100    0000001a     UNINITIALIZED
                  00007100    0000001a     DSP281x_GlobalVariableDefs.obj (AdcRegsFile)

EvaRegsFile 
*          1    00007400    00000032     UNINITIALIZED
                  00007400    00000032     DSP281x_GlobalVariableDefs.obj (EvaRegsFile)

EvbRegsFile 
*          1    00007500    00000032     UNINITIALIZED
                  00007500    00000032     DSP281x_GlobalVariableDefs.obj (EvbRegsFile)

ScibRegsFile 
*          1    00007750    00000010     UNINITIALIZED
                  00007750    00000010     DSP281x_GlobalVariableDefs.obj (ScibRegsFile)

McbspaRegsFile 
*          1    00007800    00000025     UNINITIALIZED
                  00007800    00000025     DSP281x_GlobalVariableDefs.obj (McbspaRegsFile)

MyVariablesZone 
*          1    000085c0    0000096a     UNINITIALIZED
                  000085c0    0000096a     MyVariables.obj (MyVariablesZone)

CsmPwlFile 
*          1    003f7ff8    00000008     UNINITIALIZED
                  003f7ff8    00000008     DSP281x_GlobalVariableDefs.obj (CsmPwlFile)


GLOBAL DATA SYMBOLS: SORTED BY DATA PAGE

address     data page           name
--------    ----------------    ----
00000040       1 (00000040)     __IQ10atan2

000000bf       2 (00000080)     __IQ10mag

0000011f       4 (00000100)     __IQ10div

00000166       5 (00000140)     __IQ3div

000001ad       6 (00000180)     __IQ10sqrt

000001ef       7 (000001c0)     __IQ10int
000001f8       7 (000001c0)     _PieVectTableInit

00000370       d (00000340)     _CpuTimer0
00000378       d (00000340)     _TesN
0000037a       d (00000340)     _TelN
0000037c       d (00000340)     __unlock
0000037e       d (00000340)     __lock

00000380       e (00000380)     _SendTempPt
00000382       e (00000380)     _FBW2FMiniNumAry
00000384       e (00000380)     _HRT1T22FMiniNumAry
00000386       e (00000380)     _HRT1T22FFreqSelAry
00000389       e (00000380)     _FBW2FFreqSelAry
0000038c       e (00000380)     _DFT1T2DFreqSelAry
0000038f       e (00000380)     _PP3FMiniNumAry
00000392       e (00000380)     _DFT1T2DMiniNumAry
00000395       e (00000380)     _PP3FreqSelAry
00000399       e (00000380)     _PPHOIL6F_2MiniNumAry
0000039f       e (00000380)     _PPHOIL6FMiniNumAry
000003a5       e (00000380)     _Gas6_2FMiniNumAry
000003ab       e (00000380)     _P3D6FMiniNumAry
000003b1       e (00000380)     _PPLOIL6FMiniNumAry
000003b7       e (00000380)     _P3D6FFreqSelAry

000003c0       f (000003c0)     _PPLOIL6FFreqSelAry
000003c7       f (000003c0)     _PPHOIL6FFreqSelAry
000003ce       f (000003c0)     _PPHOIL6F_2FreqSelAry
000003d5       f (000003c0)     _Gas6_2FreqSelAry
000003dc       f (000003c0)     __cleanup_ptr
000003de       f (000003c0)     __dtors_ptr

00000400      10 (00000400)     __stack

00000880      22 (00000880)     _DevEmuRegs

00000a80      2a (00000a80)     _FlashRegs

00000ae0      2b (00000ac0)     _CsmRegs

00000b20      2c (00000b00)     _XintfRegs

00000c00      30 (00000c00)     _CpuTimer0Regs

00000ce0      33 (00000cc0)     _PieCtrlRegs

00000d00      34 (00000d00)     _PieVectTable

00006000     180 (00006000)     _ECanaRegs

00006040     181 (00006040)     _ECanaLAMRegs

00006080     182 (00006080)     _ECanaMOTSRegs

000060c0     183 (000060c0)     _ECanaMOTORegs

00006100     184 (00006100)     _ECanaMboxes

00007010     1c0 (00007000)     _SysCtrlRegs

00007040     1c1 (00007040)     _SpiaRegs
00007050     1c1 (00007040)     _SciaRegs
00007070     1c1 (00007040)     _XIntruptRegs

000070c0     1c3 (000070c0)     _GpioMuxRegs
000070e0     1c3 (000070c0)     _GpioDataRegs

00007100     1c4 (00007100)     _AdcRegs

00007400     1d0 (00007400)     _EvaRegs

00007500     1d4 (00007500)     _EvbRegs

00007750     1dd (00007740)     _ScibRegs

00007800     1e0 (00007800)     _McbspaRegs

000085c0     217 (000085c0)     _DFT1T2D_TEL2_DE
000085c1     217 (000085c0)     _DFT1T2D_TEL1_DE
000085c2     217 (000085c0)     _DFT1T2D_TEL4_DE
000085c3     217 (000085c0)     _DFT1T2D_TEL3_DE
000085c4     217 (000085c0)     _DFT1T2D_TW_CBW
000085c5     217 (000085c0)     _DFT1T2D_TW_DE
000085c6     217 (000085c0)     _DFT1T2D_TES_DE_T2_T1
000085c7     217 (000085c0)     _DFT1T2D_TE_CBW
000085c8     217 (000085c0)     _DFT1T2D_NE_A9B9
000085c9     217 (000085c0)     _DFT1T2D_NE_A8B8
000085ca     217 (000085c0)     _DFT1T2D_NE_DE
000085cb     217 (000085c0)     _DFT1T2D_NE_A10B10
000085cc     217 (000085c0)     _DFT1T2D_NREPT_CBW
000085cd     217 (000085c0)     _DFT1T2D_TEL5_DE
000085ce     217 (000085c0)     _DFT1T2D_NE_A2B2
000085cf     217 (000085c0)     _DFT1T2D_NE_A1B1
000085d0     217 (000085c0)     _DFT1T2D_NE_CBW
000085d1     217 (000085c0)     _T12DCPMGNe0AB
000085d2     217 (000085c0)     _T12DCPMGNe9AB
000085d3     217 (000085c0)     _T12DCBWNeAB
000085d4     217 (000085c0)     _T12DDENeAB
000085d5     217 (000085c0)     _T12DCPMGNe1AB
000085d6     217 (000085c0)     _T12DCBWNReptAB
000085d7     217 (000085c0)     _T12DCPMGNe8AB
000085d8     217 (000085c0)     _T12DCPMGNe2AB
000085d9     217 (000085c0)     _DFT1T2D_TW_A2B2
000085da     217 (000085c0)     _DFT1T2D_TW_A1B1
000085db     217 (000085c0)     _DFT1T2D_TW_A9B9
000085dc     217 (000085c0)     _DFT1T2D_TW_A8B8
000085dd     217 (000085c0)     _T12DDEmAB
000085de     217 (000085c0)     _T12DDEmnAB
000085df     217 (000085c0)     _T12DCnt
000085e0     217 (000085c0)     _T12DFreqSel
000085e1     217 (000085c0)     _PPLOIL6FTw123456C
000085e2     217 (000085c0)     _PPLOIL6FTw24E
000085e3     217 (000085c0)     _PPLOIL6FFlag
000085e4     217 (000085c0)     _PPLOIL6FCnt
000085e5     217 (000085c0)     _PPLOIL6F_TE_4DE
000085e6     217 (000085c0)     _PPLOIL6F_TE_2DE
000085e7     217 (000085c0)     _PPLOIL6FTw24D
000085e8     217 (000085c0)     _PPLOIL6FTw1234B
000085e9     217 (000085c0)     _PP3FNe1C
000085ea     217 (000085c0)     _PP3FNe1A
000085eb     217 (000085c0)     _PP3FTe1A23DE
000085ec     217 (000085c0)     _PP3FNe23DE
000085ed     217 (000085c0)     _PPLOIL6FFreqSelHi
000085ee     217 (000085c0)     _PPLOIL6FFreqSelLow
000085ef     217 (000085c0)     _PP3FNRept1C
000085f0     217 (000085c0)     _PPLOIL6FFreqSel
000085f1     217 (000085c0)     _PP3FTe1C
000085f2     217 (000085c0)     _PPLOIL6NRept123456C
000085f3     217 (000085c0)     _DFT1T2DFreqSel
000085f4     217 (000085c0)     _PPLOIL6NRept24E
000085f5     217 (000085c0)     _PPLOIL6NRept24D
000085f6     217 (000085c0)     _DFT1T2D_group_DE
000085f7     217 (000085c0)     _DFT1T2D_TW_A10B10
000085f8     217 (000085c0)     _DFT1T2D_cnt
000085f9     217 (000085c0)     _DFT1T2D_DE_TEL_num
000085fa     217 (000085c0)     _PPLOIL6F_TE_156A1B
000085fb     217 (000085c0)     _PPLOIL6FNe123456C
000085fc     217 (000085c0)     _PPLOIL6F_TE_4AB
000085fd     217 (000085c0)     _PPLOIL6F_TE_23AB
000085fe     217 (000085c0)     _PPLOIL6FNe23AB
000085ff     217 (000085c0)     _PPLOIL6FNe156A1B

00008600     218 (00008600)     _PPLOIL6FNe24DE
00008601     218 (00008600)     _PPLOIL6FNe4AB
00008602     218 (00008600)     _PPLOIL6F_TE_123456C
00008603     218 (00008600)     _T2DCBWTeAB
00008604     218 (00008600)     _T2DDETesA
00008605     218 (00008600)     _T2DCBWNreptA
00008606     218 (00008600)     _T2DDCTesA
00008607     218 (00008600)     _T2DCPMGTwA
00008608     218 (00008600)     _Gas6Cnt
00008609     218 (00008600)     _T2DCBWTwA
0000860a     218 (00008600)     _T2DDETwA
0000860b     218 (00008600)     _T2DCPMGTwB
0000860c     218 (00008600)     _T2DDEm
0000860d     218 (00008600)     _T2DCBWTwB
0000860e     218 (00008600)     _T2DDETwB
0000860f     218 (00008600)     _T2DDENeA
00008610     218 (00008600)     _T2DCPMGNeA
00008611     218 (00008600)     _T2DDEmn
00008612     218 (00008600)     _T2DCBWNeA
00008613     218 (00008600)     _T2DDETesB
00008614     218 (00008600)     _Gas6ModeFlag
00008615     218 (00008600)     _Oil3Cnt
00008616     218 (00008600)     _Gas6FreqSelHi
00008617     218 (00008600)     _Gas6FreqSelLow
00008618     218 (00008600)     _Oil3NRept3D
00008619     218 (00008600)     _Oil3NRept123C
0000861a     218 (00008600)     _Oil3NRept3F
0000861b     218 (00008600)     _Oil3NRept3E
0000861c     218 (00008600)     _Gas6NRept24D
0000861d     218 (00008600)     _Gas6Tw24E
0000861e     218 (00008600)     _Gas6NRept1234C
0000861f     218 (00008600)     _Gas6NRept24E
00008620     218 (00008600)     _Gas6Ne123456C24DE
00008621     218 (00008600)     _Gas6Te123456C24DE
00008622     218 (00008600)     _Gas6Tw24D
00008623     218 (00008600)     _Gas6Tw123456C
00008624     218 (00008600)     _T1T2CPMGTe
00008625     218 (00008600)     _T1T2Cnt
00008626     218 (00008600)     _T12DCPMGTw1AB
00008627     218 (00008600)     _T1T2CBWTe
00008628     218 (00008600)     _T2DDCTes
00008629     218 (00008600)     _T2DDETwBC
0000862a     218 (00008600)     _T1T2FreqSel
0000862b     218 (00008600)     _T2DDENeBC
0000862c     218 (00008600)     _T12DCBWTwAB
0000862d     218 (00008600)     _T12DDETwAB
0000862e     218 (00008600)     _T12DTesAB
0000862f     218 (00008600)     _T12DCBWTeAB
00008630     218 (00008600)     _T12DCPMGTw8AB
00008631     218 (00008600)     _T12DCPMGTw2AB
00008632     218 (00008600)     _T12DCPMGTw0AB
00008633     218 (00008600)     _T12DCPMGTw9AB
00008634     218 (00008600)     _T12DNRept890AB
00008635     218 (00008600)     _T2DDETel5B
00008636     218 (00008600)     _T2DDETel4B
00008637     218 (00008600)     _T2DCBWNreptB
00008638     218 (00008600)     _T2DDETel6B
00008639     218 (00008600)     _T2DDETel1B
0000863a     218 (00008600)     _Gas6NRept56C
0000863b     218 (00008600)     _T2DDETel3B
0000863c     218 (00008600)     _T2DDETel2B
0000863d     218 (00008600)     _T2DTwMid1
0000863e     218 (00008600)     _T2DFreqSel
0000863f     218 (00008600)     _ST2DMiniNum

00008640     219 (00008640)     _T2DTwMid2
00008641     219 (00008640)     _T2DDENeB
00008642     219 (00008640)     _T2DCPMGNeB
00008643     219 (00008640)     _T2DCnt
00008644     219 (00008640)     _T2DCBWNeB
00008645     219 (00008640)     _T2DCBWTeA
00008646     219 (00008640)     _P3D6FTw5F
00008647     219 (00008640)     _P3D6FTw4F
00008648     219 (00008640)     _P3D6FNRept1C
00008649     219 (00008640)     _P3D6FTw6F
0000864a     219 (00008640)     _P3D6FTw1C
0000864b     219 (00008640)     _P3D6FNe6F
0000864c     219 (00008640)     _P3D6FTw3E
0000864d     219 (00008640)     _P3D6FTw2D
0000864e     219 (00008640)     _P3D6FCnt
0000864f     219 (00008640)     _P3D6FFlag
00008650     219 (00008640)     _P3D6FFreqSelHi
00008651     219 (00008640)     _P3D6FFreqSelLow
00008652     219 (00008640)     _P3D6FNRept3E
00008653     219 (00008640)     _P3D6FNRept2D
00008654     219 (00008640)     _P3D6FNRept5F
00008655     219 (00008640)     _P3D6FNRept4F
00008656     219 (00008640)     _P3D6FFreqSel
00008657     219 (00008640)     _P3D6F_TE_6F
00008658     219 (00008640)     _P3D6F_TE_5F
00008659     219 (00008640)     _P3D6FNe2A
0000865a     219 (00008640)     _P3D6FNe1A
0000865b     219 (00008640)     _P3D6F_TE_2D
0000865c     219 (00008640)     _P3D6F_TE_1C
0000865d     219 (00008640)     _P3D6F_TE_4F
0000865e     219 (00008640)     _P3D6F_TE_3E
0000865f     219 (00008640)     _P3D6FNe2D
00008660     219 (00008640)     _P3D6FNe1C
00008661     219 (00008640)     _P3D6FNe4F
00008662     219 (00008640)     _P3D6FNe3E
00008663     219 (00008640)     _P3D6FNe4A
00008664     219 (00008640)     _P3D6FNe3A
00008665     219 (00008640)     _P3D6FNe6B
00008666     219 (00008640)     _P3D6FNe5B
00008667     219 (00008640)     _HRT1T22FMode_NE_B5
00008668     219 (00008640)     _HRT1T22FMode_NE_B4
00008669     219 (00008640)     _HRT1T22FMode_NE_B7
0000866a     219 (00008640)     _HRT1T22FMode_NE_B6
0000866b     219 (00008640)     _HRT1T22FMode_NE_B1
0000866c     219 (00008640)     _HRT1T22FMode_NE_A1
0000866d     219 (00008640)     _HRT1T22FMode_NE_B3
0000866e     219 (00008640)     _HRT1T22FMode_NE_B2
0000866f     219 (00008640)     _HRT1T22FMode_NREPT_B7
00008670     219 (00008640)     _HRT1T22FMode_NREPT_B6
00008671     219 (00008640)     _HRT1T22FCnt
00008672     219 (00008640)     _HRT1T22FFlag
00008673     219 (00008640)     _HRT1T22FMode_NREPT_B3
00008674     219 (00008640)     _HRT1T22FMode_NREPT_B2
00008675     219 (00008640)     _HRT1T22FMode_NREPT_B5
00008676     219 (00008640)     _HRT1T22FMode_NREPT_B4
00008677     219 (00008640)     _HRT1T22FFreqSel
00008678     219 (00008640)     _HRT1T22FMode_TW_B4
00008679     219 (00008640)     _HRT1T22FMode_TW_B3
0000867a     219 (00008640)     _HRT1T22FMode_TW_B6
0000867b     219 (00008640)     _HRT1T22FMode_TW_B5
0000867c     219 (00008640)     _HRT1T22FMode_TW_A1
0000867d     219 (00008640)     _P3D6FNe5F
0000867e     219 (00008640)     _HRT1T22FMode_TW_B2
0000867f     219 (00008640)     _HRT1T22FMode_TW_B1

00008680     21a (00008680)     _HRT1T22FMode_TE_B4
00008681     21a (00008680)     _HRT1T22FMode_TE_B3
00008682     21a (00008680)     _HRT1T22FMode_TE_B6
00008683     21a (00008680)     _HRT1T22FMode_TE_B5
00008684     21a (00008680)     _HRT1T22FMode_TE_A1
00008685     21a (00008680)     _HRT1T22FMode_TW_B7
00008686     21a (00008680)     _HRT1T22FMode_TE_B2
00008687     21a (00008680)     _HRT1T22FMode_TE_B1
00008688     21a (00008680)     _HRT1T22FMode_TE_B7
00008689     21a (00008680)     _PPHOIL6FNe6C
0000868a     21a (00008680)     _PPHOIL6FNe246A
0000868b     21a (00008680)     _PPHOIL6F_TE_123456C
0000868c     21a (00008680)     _PPHOIL6F_TE_1B
0000868d     21a (00008680)     _PPHOIL6FNRept5C
0000868e     21a (00008680)     _PPHOIL6FNRept1234C
0000868f     21a (00008680)     _PPHOIL6FNe12345C
00008690     21a (00008680)     _PPHOIL6FNRept6C
00008691     21a (00008680)     _PPHOIL6F_TE_6B
00008692     21a (00008680)     _PPHOIL6F_TE_4B
00008693     21a (00008680)     _PPHOIL6FFlag
00008694     21a (00008680)     _PPHOIL6FTw123456C
00008695     21a (00008680)     _PPHOIL6F_TE_3B
00008696     21a (00008680)     _PPHOIL6F_TE_246A
00008697     21a (00008680)     _PPHOIL6F_TE_5B
00008698     21a (00008680)     _PPHOIL6F_TE_2B
00008699     21a (00008680)     _PPHOIL6FCnt
0000869a     21a (00008680)     _PP3FreqSel
0000869b     21a (00008680)     _PP3FreqSelHi
0000869c     21a (00008680)     _FBW2FNe12B
0000869d     21a (00008680)     _FBW2FNRept12C
0000869e     21a (00008680)     _PP3FCnt
0000869f     21a (00008680)     _PP3FTw1C
000086a0     21a (00008680)     _PP3FreqSelLow
000086a1     21a (00008680)     _flag_pp3
000086a2     21a (00008680)     _FBW2FFlag
000086a3     21a (00008680)     _FBW2FCnt
000086a4     21a (00008680)     _FBW2FFreqSelHi
000086a5     21a (00008680)     _FBW2FFreqSelLow
000086a6     21a (00008680)     _FBW2FTe12B
000086a7     21a (00008680)     _FBW2FNe12C
000086a8     21a (00008680)     _FBW2FTw12C
000086a9     21a (00008680)     _FBW2FTe12C
000086aa     21a (00008680)     _PPHOIL6F_2Tw123456C
000086ab     21a (00008680)     _PPHOIL6F_2_TE_246A
000086ac     21a (00008680)     _PPHOIL6F_2Cnt
000086ad     21a (00008680)     _PPHOIL6F_2Flag
000086ae     21a (00008680)     _PPHOIL6F_2Ne246A
000086af     21a (00008680)     _PPHOIL6F_2Ne12346C
000086b0     21a (00008680)     _PPHOIL6F_2_TE_123456C
000086b1     21a (00008680)     _PPHOIL6F_2Ne5C
000086b2     21a (00008680)     _P3D6F_TE_3A
000086b3     21a (00008680)     _P3D6F_TE_2A
000086b4     21a (00008680)     _P3D6F_TE_5B
000086b5     21a (00008680)     _P3D6F_TE_4A
000086b6     21a (00008680)     _PPHOIL6F_2FreqSelHi
000086b7     21a (00008680)     _PPHOIL6F_2FreqSelLow
000086b8     21a (00008680)     _P3D6F_TE_1A
000086b9     21a (00008680)     _PPHOIL6F_2FreqSel
000086ba     21a (00008680)     _P3D6F_TE_6B
000086bb     21a (00008680)     _Gas6_2FreqSelLow
000086bc     21a (00008680)     _Gas6_2ModeFlag
000086bd     21a (00008680)     _Gas6_2Te123456C24DE
000086be     21a (00008680)     _Gas6_2FreqSelHi
000086bf     21a (00008680)     _PPHOIL6FFreqSelLow

000086c0     21b (000086c0)     _FBW2FFreqSel
000086c1     21b (000086c0)     _PPHOIL6FFreqSel
000086c2     21b (000086c0)     _PPHOIL6FFreqSelHi
000086c3     21b (000086c0)     _Gas6_2NRept24E
000086c4     21b (000086c0)     _Gas6_2NRept24D
000086c5     21b (000086c0)     _Gas6_2Cnt
000086c6     21b (000086c0)     _Gas6_2NRept123456C
000086c7     21b (000086c0)     _Gas6_2Tw123456C
000086c8     21b (000086c0)     _Gas6_2Ne123456C24DE
000086c9     21b (000086c0)     _Gas6_2Tw24E
000086ca     21b (000086c0)     _Gas6_2Tw24D
000086cb     21b (000086c0)     _PPHOIL6F_2NRept123456C
000086cc     21b (000086c0)     _STimeDec
000086cd     21b (000086c0)     _NTimeDec
000086ce     21b (000086c0)     _SaveCnt
000086cf     21b (000086c0)     _DumpSustainFlag
000086d0     21b (000086c0)     _CycleFlag
000086d1     21b (000086c0)     _InverseTurnFlag
000086d2     21b (000086c0)     _BandCnt
000086d3     21b (000086c0)     _ScanSignalNum
000086d4     21b (000086c0)     _ScaleCnt
000086d5     21b (000086c0)     _FreqScan
000086d6     21b (000086c0)     _MiniFreqCnt
000086d7     21b (000086c0)     _MiniFreq
000086d8     21b (000086c0)     _NoiseAcqNum
000086d9     21b (000086c0)     _NoiseDivNum
000086da     21b (000086c0)     _NoiseAcqCnt
000086db     21b (000086c0)     _Ne
000086dc     21b (000086c0)     _ScaleMn
000086dd     21b (000086c0)     _ScaleM
000086de     21b (000086c0)     _EchoAcqTimeFHalf
000086df     21b (000086c0)     _EchoAcqTimeBHalf
000086e0     21b (000086c0)     _EchoAcqTime
000086e1     21b (000086c0)     _DSTTimeOne
000086e2     21b (000086c0)     _DCWorkFreq
000086e3     21b (000086c0)     _NoiseDivFreq
000086e4     21b (000086c0)     _Cut180STimeLow
000086e5     21b (000086c0)     _Cut180STimeHi
000086e6     21b (000086c0)     _SiglAcqPrdNum
000086e7     21b (000086c0)     _Cut180LTimeLow
000086e8     21b (000086c0)     _Cut180LTimeHi
000086e9     21b (000086c0)     _SiglAcqFreqTim
000086ea     21b (000086c0)     _ScanModeFlag
000086eb     21b (000086c0)     _PhaseFlag
000086ec     21b (000086c0)     _EchoAcqNum
000086ed     21b (000086c0)     _Open180STimeLow
000086ee     21b (000086c0)     _Open180STimeHi
000086ef     21b (000086c0)     _StepFreq
000086f0     21b (000086c0)     _Cut90TimeHi
000086f1     21b (000086c0)     _NoiseAcqFreq
000086f2     21b (000086c0)     _Cut90TimeLow
000086f3     21b (000086c0)     _ScaleTe
000086f4     21b (000086c0)     _ScanTE
000086f5     21b (000086c0)     _ScaleNe
000086f6     21b (000086c0)     _Open180LTimeLow
000086f7     21b (000086c0)     _Open180LTimeHi
000086f8     21b (000086c0)     _Open180LTimeMS
000086f9     21b (000086c0)     _CutI90TimeHi
000086fa     21b (000086c0)     _NoiseAcqTim
000086fb     21b (000086c0)     _MatAcqFreqTim
000086fc     21b (000086c0)     _MatTime
000086fd     21b (000086c0)     _BriMid
000086fe     21b (000086c0)     _HalfFreqNum
000086ff     21b (000086c0)     _BriWidthData

00008700     21c (00008700)     _ScaleDDSDiv
00008701     21c (00008700)     _PulseNum
00008702     21c (00008700)     _PulseDivNum
00008703     21c (00008700)     _PulseTime
00008704     21c (00008700)     _MatFreq
00008705     21c (00008700)     _PulseAcqFlag
00008706     21c (00008700)     _MatFreqSel
00008707     21c (00008700)     _CalDivData
00008708     21c (00008700)     _DumpPara1
00008709     21c (00008700)     _SignalCalNum
0000870a     21c (00008700)     _DDSCfgLow
0000870b     21c (00008700)     _DDSCfgHi
0000870c     21c (00008700)     _AdderCnt
0000870d     21c (00008700)     _DumpPara6
0000870e     21c (00008700)     _MainDumpTime
0000870f     21c (00008700)     _DumpPara5
00008710     21c (00008700)     _DumpPara3
00008711     21c (00008700)     _DumpPara4
00008712     21c (00008700)     _DumpPara2
00008713     21c (00008700)     _SftWinWidth
00008714     21c (00008700)     _DCFreqSel
00008715     21c (00008700)     _HegtWidth
00008716     21c (00008700)     _DEMn
00008717     21c (00008700)     _WidthCnt
00008718     21c (00008700)     _SingleModeFlag
00008719     21c (00008700)     _DCm
0000871a     21c (00008700)     _CutI90TimeLow
0000871b     21c (00008700)     _DCMn
0000871c     21c (00008700)     _DCTes
0000871d     21c (00008700)     _DCNe
0000871e     21c (00008700)     _DCPulseWidth
0000871f     21c (00008700)     _PdPara3
00008720     21c (00008700)     _Pd90Time
00008721     21c (00008700)     _PdPara2
00008722     21c (00008700)     _PulseDataCnt
00008723     21c (00008700)     _PdPara1
00008724     21c (00008700)     _PulseMid4
00008725     21c (00008700)     _PulseCalNum
00008726     21c (00008700)     _PulseReadBuf
00008727     21c (00008700)     _PulseBuf
00008728     21c (00008700)     _PulseGain
00008729     21c (00008700)     _StripBuf
0000872a     21c (00008700)     _Pd180Time
0000872b     21c (00008700)     _PP6FreqSelHi
0000872c     21c (00008700)     _PP6FTe14A2356DE
0000872d     21c (00008700)     _PP6FreqSelLow
0000872e     21c (00008700)     _ReadTableBuf
0000872f     21c (00008700)     _ZeroOne
00008730     21c (00008700)     _ToMSFreq
00008731     21c (00008700)     _PP6FTw1346C
00008732     21c (00008700)     _PP6FNRept14C
00008733     21c (00008700)     _PP6FNe14A
00008734     21c (00008700)     _PP6FNe1346C
00008735     21c (00008700)     _PP6FNe2356DE
00008736     21c (00008700)     _ChangeTableBuf
00008737     21c (00008700)     _CaseBuffer
00008738     21c (00008700)     _DFT1T2DFlag
00008739     21c (00008700)     _ST12DFlag
0000873a     21c (00008700)     _DT12DFlag
0000873b     21c (00008700)     _DT1T2Flag
0000873c     21c (00008700)     _ChgTable99AFlag
0000873d     21c (00008700)     _PP6FTe1346C
0000873e     21c (00008700)     _ChgTable999Flag
0000873f     21c (00008700)     _ChgTable995Flag

00008740     21d (00008740)     _ChgTable996Flag
00008741     21d (00008740)     _Oil3Ne123C
00008742     21d (00008740)     _Oil3Ne3D
00008743     21d (00008740)     _Oil3Te1C2C3CDEF
00008744     21d (00008740)     _Oil3ModeFlag
00008745     21d (00008740)     _Oil3FreqSel
00008746     21d (00008740)     _MiniBuf
00008747     21d (00008740)     _Oil3Tw3E
00008748     21d (00008740)     _Oil3Tw3F
00008749     21d (00008740)     _Oil3Tw3D
0000874a     21d (00008740)     _Oil3Ne3F
0000874b     21d (00008740)     _Oil3Tw123C
0000874c     21d (00008740)     _PP6FTime36DWait
0000874d     21d (00008740)     _EchoNum
0000874e     21d (00008740)     _PP6FCmp2
0000874f     21d (00008740)     _PP6FNRept36C
00008750     21d (00008740)     _PP6FCmp1
00008751     21d (00008740)     _TableChgCnt
00008752     21d (00008740)     _MiniNoiseMax
00008753     21d (00008740)     _Oil3Ne3E
00008754     21d (00008740)     _MiniCycCnt3
00008755     21d (00008740)     _MiniCycCnt1
00008756     21d (00008740)     _MiniCycCnt2
00008757     21d (00008740)     _FreqNum2
00008758     21d (00008740)     _SdAcqNum6Low
00008759     21d (00008740)     _SdAcqNum6Hi
0000875a     21d (00008740)     _SdAcqNum5Hi
0000875b     21d (00008740)     _SdAcqNum4Hi
0000875c     21d (00008740)     _SdAcqNum5Low
0000875d     21d (00008740)     _SdAcqNum4Low
0000875e     21d (00008740)     _StoreCnt
0000875f     21d (00008740)     _HVState
00008760     21d (00008740)     _CutTimeLow
00008761     21d (00008740)     _SdAcqNum7Hi
00008762     21d (00008740)     _CutTimeHi
00008763     21d (00008740)     _SdAcqNum7Low
00008764     21d (00008740)     _Strip90Num
00008765     21d (00008740)     _Strip180Num
00008766     21d (00008740)     _Acq180Num
00008767     21d (00008740)     _P180PrdNum
00008768     21d (00008740)     _Acq90Num
00008769     21d (00008740)     _P90PrdNum
0000876a     21d (00008740)     _ZeroCnt
0000876b     21d (00008740)     _SendTableFlag
0000876c     21d (00008740)     _DENum
0000876d     21d (00008740)     _SdAcqNum2
0000876e     21d (00008740)     _SdAcqNum3
0000876f     21d (00008740)     _SdAcqNum1
00008770     21d (00008740)     _HoleModeFlag
00008771     21d (00008740)     _ST2DFlag
00008772     21d (00008740)     _ScaleModeFlag
00008773     21d (00008740)     _DownTableFlag
00008774     21d (00008740)     _PP6ModeFlag
00008775     21d (00008740)     _WorkMode
00008776     21d (00008740)     _McbspRcvBuf
00008777     21d (00008740)     _ST1T2Flag
00008778     21d (00008740)     _DT2DFlag
00008779     21d (00008740)     _MT2DFlag
0000877a     21d (00008740)     _CheckTablePt
0000877c     21d (00008740)     _DDSMid1
0000877e     21d (00008740)     _NoiseSquAveIQ3

00008780     21e (00008780)     _SaveSTempPt
00008782     21e (00008780)     _TableTempPt
00008784     21e (00008780)     _DDSRefItg
00008786     21e (00008780)     _DDSRefDcm
00008788     21e (00008780)     _DDSMid7
0000878a     21e (00008780)     _NoiseAveShiftIQ
0000878c     21e (00008780)     _NoiseSum
0000878e     21e (00008780)     _DDSCfgWords
00008790     21e (00008780)     _DDSMid2
00008792     21e (00008780)     _DDSMid3
00008794     21e (00008780)     _DDSFreq
00008796     21e (00008780)     _DDSMid5
00008798     21e (00008780)     _DDSMid6
0000879a     21e (00008780)     _SaveNTempPt
0000879c     21e (00008780)     _DDSMid4
0000879e     21e (00008780)     _CutTime
000087a0     21e (00008780)     _NoiseOfsIQ
000087a2     21e (00008780)     _NoiseOfsIQ3
000087a4     21e (00008780)     _NoiseSqrAveIQ
000087a6     21e (00008780)     _NoiseSquSumIQ3
000087a8     21e (00008780)     _NoiseOfsAbsIQ
000087aa     21e (00008780)     _MDumpTime
000087ac     21e (00008780)     _PulseCycle
000087ae     21e (00008780)     _SaveTablePt
000087b0     21e (00008780)     _MiniTablePt
000087b2     21e (00008780)     _SendCnt
000087b4     21e (00008780)     _StoreMiniAryPt
000087b6     21e (00008780)     _NoiseMaxValIQ
000087b8     21e (00008780)     _SDumpTime
000087ba     21e (00008780)     _NoiseAveIQ
000087bc     21e (00008780)     _NoiseCalNumIQ
000087be     21e (00008780)     _Open180STime

000087c0     21f (000087c0)     _TesCCheck
000087c2     21f (000087c0)     _Cut180LTime
000087c4     21f (000087c0)     _Cut180STime
000087c6     21f (000087c0)     _Open180LTime
000087c8     21f (000087c0)     _SdAcqNum6
000087ca     21f (000087c0)     _SdAcqNum7
000087cc     21f (000087c0)     _SdAcqNum4
000087ce     21f (000087c0)     _SdAcqNum5
000087d0     21f (000087c0)     _Cmp90
000087d2     21f (000087c0)     _CmpI90
000087d4     21f (000087c0)     _CmpTesHalf
000087d6     21f (000087c0)     _CmpTelHalf
000087d8     21f (000087c0)     _TelCmp
000087da     21f (000087c0)     _CutI90Time
000087dc     21f (000087c0)     _TelCCheck
000087de     21f (000087c0)     _Cmp180BHalf
000087e0     21f (000087c0)     _Cut90Time
000087e2     21f (000087c0)     _MiniStorAddr3
000087e4     21f (000087c0)     _MiniStorAddr2
000087e6     21f (000087c0)     _MiniStorAddr5
000087e8     21f (000087c0)     _MiniStorAddr4
000087ea     21f (000087c0)     _MiniStorAddr6
000087ec     21f (000087c0)     _DataTotalNum
000087ee     21f (000087c0)     _PP6FCnt
000087f0     21f (000087c0)     _ToMSNoiseAddr
000087f2     21f (000087c0)     _ToMSSignalAddr
000087f4     21f (000087c0)     _SdAcqTimeMid3
000087f6     21f (000087c0)     _PulseAmpCrtIQ
000087f8     21f (000087c0)     _SdAcqTimeMid1
000087fa     21f (000087c0)     _SdAcqTimeMid2
000087fc     21f (000087c0)     _Cmp180FHalf
000087fe     21f (000087c0)     _EchoStorAddr

00008800     220 (00008800)     _MiniStorAddr1
00008802     220 (00008800)     _PulseF180StoreAddr
00008804     220 (00008800)     _PulseL180StoreAddr
00008806     220 (00008800)     _Pulse90StoreAddr
00008808     220 (00008800)     _SinAveIQ
0000880a     220 (00008800)     _CosAveIQ
0000880c     220 (00008800)     _ChgTablePt
0000880e     220 (00008800)     _CosSumIQ
00008810     220 (00008800)     _SinOne
00008812     220 (00008800)     _PulseMid2
00008814     220 (00008800)     _PulseMid3
00008816     220 (00008800)     _SignalPhaIQ
00008818     220 (00008800)     _PulseMid1
0000881a     220 (00008800)     _CosThree
0000881c     220 (00008800)     _CosTwo
0000881e     220 (00008800)     _SinSumIQ
00008820     220 (00008800)     _CosFour
00008822     220 (00008800)     _CosFive
00008824     220 (00008800)     _SinTwo
00008826     220 (00008800)     _SignalAmpIQ
00008828     220 (00008800)     _SinFour
0000882a     220 (00008800)     _SinThree
0000882c     220 (00008800)     _EchoMid4
0000882e     220 (00008800)     _TNMid1
00008830     220 (00008800)     _EchoMid2
00008832     220 (00008800)     _EchoMid3
00008834     220 (00008800)     _EchoMid1
00008836     220 (00008800)     _Tel
00008838     220 (00008800)     _TesCmp
0000883a     220 (00008800)     _TNTime
0000883c     220 (00008800)     _Tes
0000883e     220 (00008800)     _PulseAve

00008840     221 (00008840)     _PulseRec
00008842     221 (00008840)     _PulseGainIQ
00008844     221 (00008840)     _PulseSum
00008846     221 (00008840)     _CosOne
00008848     221 (00008840)     _TNMid2
0000884a     221 (00008840)     _Pulse180WidthHalf
0000884c     221 (00008840)     _Pulse180Width
0000884e     221 (00008840)     _Pulse90Width
00008850     221 (00008840)     _PulseRecIQ
00008852     221 (00008840)     _DT2DMiniNumAry
00008855     221 (00008840)     _MT2DMiniNumAry
00008858     221 (00008840)     _T12DMiniNumAry
0000885b     221 (00008840)     _T1T2MiniNumAry
0000885e     221 (00008840)     _Oil3MiniNumAry
00008861     221 (00008840)     _T2DDETelCAry
00008865     221 (00008840)     _T2DFreqSelAry
00008869     221 (00008840)     _Oil3FreqSelAry
0000886d     221 (00008840)     _T12DTelABAry
00008872     221 (00008840)     _Gas6FMiniNumAry
00008878     221 (00008840)     _PP6FMiniNumAry

00008880     222 (00008880)     _PP6FreqSelAry
00008887     222 (00008880)     _T2DDETelBAry
0000888e     222 (00008880)     _Gas6FreqSelAry
00008895     222 (00008880)     _T2DDETelAAry
0000889c     222 (00008880)     _RelayAry
000088a5     222 (00008880)     _NintyWidthAry
000088ae     222 (00008880)     _FreqAry

000088c0     223 (000088c0)     _T1T2NeAAry
000088ca     223 (000088c0)     _T1T2NReptAAry
000088d4     223 (000088c0)     _T1T2TwAAry
000088de     223 (000088c0)     _AdderLowAry
000088e9     223 (000088c0)     _WorkModeChoice

00008900     224 (00008900)     _AdderResAry
00008916     224 (00008900)     _MiniAddAry

00008940     225 (00008940)     _NoiseDataAry

00008b40     22d (00008b40)     _PulseGainAry

003f7ff8    fdff (003f7fc0)     _CsmPwl

003ff000    ffc0 (003ff000)     _IQsinTable

003ff100    ffc4 (003ff100)     _IQcosTable

003ff400    ffd0 (003ff400)     _IQsinTableEnd

003ff502    ffd4 (003ff500)     _IQcosTableEnd
003ff502    ffd4 (003ff500)     _IQdivRoundSatTable
003ff510    ffd4 (003ff500)     _IQdivTable

003ff712    ffdc (003ff700)     _IQdivTableEnd
003ff712    ffdc (003ff700)     _IQisqrtRoundSatTable
003ff712    ffdc (003ff700)     _IQsqrtRoundSatTable
003ff722    ffdc (003ff700)     _IQisqrtTable
003ff722    ffdc (003ff700)     _IQsqrtTable

003ff824    ffe0 (003ff800)     _IQatan2HalfPITable
003ff824    ffe0 (003ff800)     _IQisqrtTableEnd
003ff824    ffe0 (003ff800)     _IQsqrtTableEnd

003ff862    ffe1 (003ff840)     _IQatan2Table

003ff9e8    ffe7 (003ff9c0)     _IQ30mpyRndSatTable
003ff9e8    ffe7 (003ff9c0)     _IQatan2TableEnd
003ff9e8    ffe7 (003ff9c0)     _IQmpyRndSatTable
003ff9f4    ffe7 (003ff9c0)     _IQ29mpyRndSatTable

003ffa00    ffe8 (003ffa00)     _IQ28mpyRndSatTable
003ffa0c    ffe8 (003ffa00)     _IQ27mpyRndSatTable
003ffa18    ffe8 (003ffa00)     _IQ26mpyRndSatTable
003ffa24    ffe8 (003ffa00)     _IQ25mpyRndSatTable
003ffa30    ffe8 (003ffa00)     _IQ24mpyRndSatTable
003ffa3c    ffe8 (003ffa00)     _IQ23mpyRndSatTable

003ffa48    ffe9 (003ffa40)     _IQ22mpyRndSatTable
003ffa54    ffe9 (003ffa40)     _IQ21mpyRndSatTable
003ffa60    ffe9 (003ffa40)     _IQ20mpyRndSatTable
003ffa6c    ffe9 (003ffa40)     _IQ19mpyRndSatTable
003ffa78    ffe9 (003ffa40)     _IQ18mpyRndSatTable

003ffa84    ffea (003ffa80)     _IQ17mpyRndSatTable
003ffa90    ffea (003ffa80)     _IQ16mpyRndSatTable
003ffa9c    ffea (003ffa80)     _IQ15mpyRndSatTable
003ffaa8    ffea (003ffa80)     _IQ14mpyRndSatTable
003ffab4    ffea (003ffa80)     _IQ13mpyRndSatTable

003ffac0    ffeb (003ffac0)     _IQ12mpyRndSatTable
003ffacc    ffeb (003ffac0)     _IQ11mpyRndSatTable
003ffad8    ffeb (003ffac0)     _IQ10mpyRndSatTable
003ffae4    ffeb (003ffac0)     _IQ9mpyRndSatTable
003ffaf0    ffeb (003ffac0)     _IQ8mpyRndSatTable
003ffafc    ffeb (003ffac0)     _IQ7mpyRndSatTable

003ffb08    ffec (003ffb00)     _IQ6mpyRndSatTable
003ffb14    ffec (003ffb00)     _IQ5mpyRndSatTable
003ffb20    ffec (003ffb00)     _IQ4mpyRndSatTable
003ffb2c    ffec (003ffb00)     _IQ3mpyRndSatTable
003ffb38    ffec (003ffb00)     _IQ2mpyRndSatTable

003ffb44    ffed (003ffb40)     _IQ1mpyRndSatTable
003ffb50    ffed (003ffb40)     _IQmpyRndSatTableEnd


GLOBAL SYMBOLS: SORTED ALPHABETICALLY BY Name 

address    name
--------   ----
00000370   .bss
003f8000   .text
003f9e79   C$$EXIT
003f99cd   FD$$MPY
003f9e05   FD$$TOL
003f9b5a   FS$$ADD
003f9a50   FS$$DIV
003f9c3a   FS$$MPY
003f9b55   FS$$SUB
003f9e41   FS$$TOFD
003f9d4e   FS$$TOL
003f9e24   FS$$TOU
003f9dc4   FS$$TOUL
003f9d24   L$$DIV
003f9d33   L$$MOD
003f9e5d   L$$TOFD
003f9f04   U$$DIV
003f9f09   U$$MOD
003f9e91   U$$TOFD
003f9ee6   U$$TOFS
003f9d41   UL$$DIV
003f9d48   UL$$MOD
003f9ea8   UL$$TOFD
003f9ed3   UL$$TOFS
003f958a   _ADCINT_ISR
00008766   _Acq180Num
00008768   _Acq90Num
003f8041   _AcqNoise
00007100   _AdcRegs
0000870c   _AdderCnt
000088de   _AdderLowAry
00008900   _AdderResAry
000086d2   _BandCnt
000086fd   _BriMid
000086ff   _BriWidthData
003f95d0   _CAPINT1_ISR
003f95d5   _CAPINT2_ISR
003f95da   _CAPINT3_ISR
003f9616   _CAPINT4_ISR
003f961b   _CAPINT5_ISR
003f9620   _CAPINT6_ISR
003f9599   _CMP1INT_ISR
003f959e   _CMP2INT_ISR
003f95a3   _CMP3INT_ISR
003f95df   _CMP4INT_ISR
003f95e4   _CMP5INT_ISR
003f95e9   _CMP6INT_ISR
00008707   _CalDivData
003f80b4   _CalNoise
003f8246   _CalSignal
00008737   _CaseBuffer
003f8691   _ChangePhase
00100000   _ChangeTable995
001000a1   _ChangeTable996
00100135   _ChangeTable999
001001e9   _ChangeTable99A
00008736   _ChangeTableBuf
0010023e   _CheckReadTable
0000877a   _CheckTablePt
0010021a   _CheckWorkMode
0000873f   _ChgTable995Flag
00008740   _ChgTable996Flag
0000873e   _ChgTable999Flag
0000873c   _ChgTable99AFlag
0000880c   _ChgTablePt
000087de   _Cmp180BHalf
000087fc   _Cmp180FHalf
000087d0   _Cmp90
000087d2   _CmpI90
000087d6   _CmpTelHalf
000087d4   _CmpTesHalf
0000880a   _CosAveIQ
00008822   _CosFive
00008820   _CosFour
00008846   _CosOne
0000880e   _CosSumIQ
0000881a   _CosThree
0000881c   _CosTwo
00000370   _CpuTimer0
00000c00   _CpuTimer0Regs
003f7ff8   _CsmPwl
00000ae0   _CsmRegs
003f9892   _CsmUnlock
000087c2   _Cut180LTime
000086e8   _Cut180LTimeHi
000086e7   _Cut180LTimeLow
000087c4   _Cut180STime
000086e5   _Cut180STimeHi
000086e4   _Cut180STimeLow
000087e0   _Cut90Time
000086f0   _Cut90TimeHi
000086f2   _Cut90TimeLow
000087da   _CutI90Time
000086f9   _CutI90TimeHi
0000871a   _CutI90TimeLow
0000879e   _CutTime
00008762   _CutTimeHi
00008760   _CutTimeLow
000086d0   _CycleFlag
003f9521   _DATALOG_ISR
00008714   _DCFreqSel
0000871b   _DCMn
0000871d   _DCNe
0000871e   _DCPulseWidth
0000871c   _DCTes
000086e2   _DCWorkFreq
003f869d   _DCWorkOnce
00008719   _DCm
0000870b   _DDSCfgHi
0000870a   _DDSCfgLow
0000878e   _DDSCfgWords
00008794   _DDSFreq
0000877c   _DDSMid1
00008790   _DDSMid2
00008792   _DDSMid3
0000879c   _DDSMid4
00008796   _DDSMid5
00008798   _DDSMid6
00008788   _DDSMid7
00008786   _DDSRefDcm
00008784   _DDSRefItg
00008716   _DEMn
0000876c   _DENum
00008738   _DFT1T2DFlag
000085f3   _DFT1T2DFreqSel
0000038c   _DFT1T2DFreqSelAry
00000392   _DFT1T2DMiniNumAry
00103a25   _DFT1T2DModeTop
000085f9   _DFT1T2D_DE_TEL_num
000085cb   _DFT1T2D_NE_A10B10
000085cf   _DFT1T2D_NE_A1B1
000085ce   _DFT1T2D_NE_A2B2
000085c9   _DFT1T2D_NE_A8B8
000085c8   _DFT1T2D_NE_A9B9
000085d0   _DFT1T2D_NE_CBW
000085ca   _DFT1T2D_NE_DE
000085cc   _DFT1T2D_NREPT_CBW
000085c1   _DFT1T2D_TEL1_DE
000085c0   _DFT1T2D_TEL2_DE
000085c3   _DFT1T2D_TEL3_DE
000085c2   _DFT1T2D_TEL4_DE
000085cd   _DFT1T2D_TEL5_DE
000085c6   _DFT1T2D_TES_DE_T2_T1
000085c7   _DFT1T2D_TE_CBW
000085f7   _DFT1T2D_TW_A10B10
000085da   _DFT1T2D_TW_A1B1
000085d9   _DFT1T2D_TW_A2B2
000085dc   _DFT1T2D_TW_A8B8
000085db   _DFT1T2D_TW_A9B9
000085c4   _DFT1T2D_TW_CBW
000085c5   _DFT1T2D_TW_DE
000085f8   _DFT1T2D_cnt
000085f6   _DFT1T2D_group_DE
003f9f18   _DSP28x_usDelay
000086e1   _DSTTimeOne
0000873a   _DT12DFlag
0000873b   _DT1T2Flag
00008778   _DT2DFlag
00008852   _DT2DMiniNumAry
001027ff   _DT2DModeTop
000087ec   _DataTotalNum
003da228   _Datatable_loadstart
00100000   _Datatable_runstart
0000af23   _Datatable_size
0010ae49   _DeCpmgTop
003f8000   _Delay
00000880   _DevEmuRegs
003f984f   _DisableDog
00008773   _DownTableFlag
003f9bfa   _DownloadTable
00008708   _DumpPara1
00008712   _DumpPara2
00008710   _DumpPara3
00008711   _DumpPara4
0000870f   _DumpPara5
0000870d   _DumpPara6
000086cf   _DumpSustainFlag
003f964d   _ECAN0INTA_ISR
003f9652   _ECAN1INTA_ISR
00006040   _ECanaLAMRegs
000060c0   _ECanaMOTORegs
00006080   _ECanaMOTSRegs
00006100   _ECanaMboxes
00006000   _ECanaRegs
003f9657   _EMPTY_ISR
003f952b   _EMUINT_ISR
000086ec   _EchoAcqNum
000086e0   _EchoAcqTime
000086df   _EchoAcqTimeBHalf
000086de   _EchoAcqTimeFHalf
00008834   _EchoMid1
00008830   _EchoMid2
00008832   _EchoMid3
0000882c   _EchoMid4
0000874d   _EchoNum
000087fe   _EchoStorAddr
003f9d96   _EnableInterrupts
00007400   _EvaRegs
00007500   _EvbRegs
000086a3   _FBW2FCnt
000086a2   _FBW2FFlag
000086c0   _FBW2FFreqSel
00000389   _FBW2FFreqSelAry
000086a4   _FBW2FFreqSelHi
000086a5   _FBW2FFreqSelLow
00000382   _FBW2FMiniNumAry
0010aa42   _FBW2FModeTop
0000869d   _FBW2FNRept12C
0000869c   _FBW2FNe12B
000086a7   _FBW2FNe12C
000086a6   _FBW2FTe12B
000086a9   _FBW2FTe12C
000086a8   _FBW2FTw12C
00000a80   _FlashRegs
000088ae   _FreqAry
00008757   _FreqNum2
000086d5   _FreqScan
00008608   _Gas6Cnt
00008872   _Gas6FMiniNumAry
0000888e   _Gas6FreqSelAry
00008616   _Gas6FreqSelHi
00008617   _Gas6FreqSelLow
00008614   _Gas6ModeFlag
0010778d   _Gas6ModeTop
0000861e   _Gas6NRept1234C
0000861c   _Gas6NRept24D
0000861f   _Gas6NRept24E
0000863a   _Gas6NRept56C
00008620   _Gas6Ne123456C24DE
00008621   _Gas6Te123456C24DE
00008623   _Gas6Tw123456C
00008622   _Gas6Tw24D
0000861d   _Gas6Tw24E
000086c5   _Gas6_2Cnt
000003a5   _Gas6_2FMiniNumAry
000003d5   _Gas6_2FreqSelAry
000086be   _Gas6_2FreqSelHi
000086bb   _Gas6_2FreqSelLow
000086bc   _Gas6_2ModeFlag
0010812b   _Gas6_2ModeTop
000086c6   _Gas6_2NRept123456C
000086c4   _Gas6_2NRept24D
000086c3   _Gas6_2NRept24E
000086c8   _Gas6_2Ne123456C24DE
000086bd   _Gas6_2Te123456C24DE
000086c7   _Gas6_2Tw123456C
000086ca   _Gas6_2Tw24D
000086c9   _Gas6_2Tw24E
000070e0   _GpioDataRegs
000070c0   _GpioMuxRegs
00008671   _HRT1T22FCnt
00008672   _HRT1T22FFlag
00008677   _HRT1T22FFreqSel
00000386   _HRT1T22FFreqSelAry
00000384   _HRT1T22FMiniNumAry
0010a487   _HRT1T22FModeTop
0000866c   _HRT1T22FMode_NE_A1
0000866b   _HRT1T22FMode_NE_B1
0000866e   _HRT1T22FMode_NE_B2
0000866d   _HRT1T22FMode_NE_B3
00008668   _HRT1T22FMode_NE_B4
00008667   _HRT1T22FMode_NE_B5
0000866a   _HRT1T22FMode_NE_B6
00008669   _HRT1T22FMode_NE_B7
00008674   _HRT1T22FMode_NREPT_B2
00008673   _HRT1T22FMode_NREPT_B3
00008676   _HRT1T22FMode_NREPT_B4
00008675   _HRT1T22FMode_NREPT_B5
00008670   _HRT1T22FMode_NREPT_B6
0000866f   _HRT1T22FMode_NREPT_B7
00008684   _HRT1T22FMode_TE_A1
00008687   _HRT1T22FMode_TE_B1
00008686   _HRT1T22FMode_TE_B2
00008681   _HRT1T22FMode_TE_B3
00008680   _HRT1T22FMode_TE_B4
00008683   _HRT1T22FMode_TE_B5
00008682   _HRT1T22FMode_TE_B6
00008688   _HRT1T22FMode_TE_B7
0000867c   _HRT1T22FMode_TW_A1
0000867f   _HRT1T22FMode_TW_B1
0000867e   _HRT1T22FMode_TW_B2
00008679   _HRT1T22FMode_TW_B3
00008678   _HRT1T22FMode_TW_B4
0000867b   _HRT1T22FMode_TW_B5
0000867a   _HRT1T22FMode_TW_B6
00008685   _HRT1T22FMode_TW_B7
0000875f   _HVState
000086fe   _HalfFreqNum
00008715   _HegtWidth
00008770   _HoleModeFlag
003f9535   _ILLEGAL_ISR
003f9517   _INT13_ISR
003f951c   _INT14_ISR
003ffad8   _IQ10mpyRndSatTable
003ffacc   _IQ11mpyRndSatTable
003ffac0   _IQ12mpyRndSatTable
003ffab4   _IQ13mpyRndSatTable
003ffaa8   _IQ14mpyRndSatTable
003ffa9c   _IQ15mpyRndSatTable
003ffa90   _IQ16mpyRndSatTable
003ffa84   _IQ17mpyRndSatTable
003ffa78   _IQ18mpyRndSatTable
003ffa6c   _IQ19mpyRndSatTable
003ffb44   _IQ1mpyRndSatTable
003ffa60   _IQ20mpyRndSatTable
003ffa54   _IQ21mpyRndSatTable
003ffa48   _IQ22mpyRndSatTable
003ffa3c   _IQ23mpyRndSatTable
003ffa30   _IQ24mpyRndSatTable
003ffa24   _IQ25mpyRndSatTable
003ffa18   _IQ26mpyRndSatTable
003ffa0c   _IQ27mpyRndSatTable
003ffa00   _IQ28mpyRndSatTable
003ff9f4   _IQ29mpyRndSatTable
003ffb38   _IQ2mpyRndSatTable
003ff9e8   _IQ30mpyRndSatTable
003ffb2c   _IQ3mpyRndSatTable
003ffb20   _IQ4mpyRndSatTable
003ffb14   _IQ5mpyRndSatTable
003ffb08   _IQ6mpyRndSatTable
003ffafc   _IQ7mpyRndSatTable
003ffaf0   _IQ8mpyRndSatTable
003ffae4   _IQ9mpyRndSatTable
003ff824   _IQatan2HalfPITable
003ff862   _IQatan2Table
003ff9e8   _IQatan2TableEnd
003ff100   _IQcosTable
003ff502   _IQcosTableEnd
003ff502   _IQdivRoundSatTable
003ff510   _IQdivTable
003ff712   _IQdivTableEnd
003ff712   _IQisqrtRoundSatTable
003ff722   _IQisqrtTable
003ff824   _IQisqrtTableEnd
003d9f18   _IQmath_loadstart
00000040   _IQmath_runstart
000001b8   _IQmath_size
003ff9e8   _IQmpyRndSatTable
003ffb50   _IQmpyRndSatTableEnd
003ff000   _IQsinTable
003ff400   _IQsinTableEnd
003ff712   _IQsqrtRoundSatTable
003ff722   _IQsqrtTable
003ff824   _IQsqrtTableEnd
00104b46   _InitAll
00105718   _InitFPGA
003f982e   _InitFlash
0010570a   _InitGpio
00105880   _InitInterruptMcbsp
003f9c94   _InitMcbsp
003f9878   _InitPeripheralClocks
003f9d77   _InitPieCtrl
003f9de5   _InitPieVectTable
003f9857   _InitPll
00104d24   _InitPulseGain
003f979f   _InitSysCtrl
00104c40   _InitTable
00105738   _InitVariables
000086d1   _InverseTurnFlag
003f9845   _KickDog
003f8f9e   _LoadBriDumpPara
003f8ef7   _LoadDDSPara
00105892   _LoadParaDis
003f908d   _LoadPdPara
000087aa   _MDumpTime
003f962f   _MRINTA_ISR
003f9364   _MRINTA_ISR1
00008779   _MT2DFlag
00008855   _MT2DMiniNumAry
00103533   _MT2DModeTop
003f9634   _MXINTA_ISR
0000870e   _MainDumpTime
000086fb   _MatAcqFreqTim
00008704   _MatFreq
00008706   _MatFreqSel
000086fc   _MatTime
00008776   _McbspRcvBuf
003f8015   _McbspSendData
003f9cd5   _Mcbsp_TxRdy
00007800   _McbspaRegs
00008916   _MiniAddAry
00008746   _MiniBuf
00008755   _MiniCycCnt1
00008756   _MiniCycCnt2
00008754   _MiniCycCnt3
000086d7   _MiniFreq
000086d6   _MiniFreqCnt
00008752   _MiniNoiseMax
003f84de   _MiniScan
00008800   _MiniStorAddr1
000087e4   _MiniStorAddr2
000087e2   _MiniStorAddr3
000087e8   _MiniStorAddr4
000087e6   _MiniStorAddr5
000087ea   _MiniStorAddr6
000087b0   _MiniTablePt
003f9530   _NMI_ISR
000086cd   _NTimeDec
000086db   _Ne
000088a5   _NintyWidthAry
000086da   _NoiseAcqCnt
000086f1   _NoiseAcqFreq
000086d8   _NoiseAcqNum
000086fa   _NoiseAcqTim
000087ba   _NoiseAveIQ
0000878a   _NoiseAveShiftIQ
000087bc   _NoiseCalNumIQ
00008940   _NoiseDataAry
000086e3   _NoiseDivFreq
000086d9   _NoiseDivNum
000087b6   _NoiseMaxValIQ
000087a8   _NoiseOfsAbsIQ
000087a0   _NoiseOfsIQ
000087a2   _NoiseOfsIQ3
000087a4   _NoiseSqrAveIQ
0000877e   _NoiseSquAveIQ3
000087a6   _NoiseSquSumIQ3
0000878c   _NoiseSum
00008615   _Oil3Cnt
00008745   _Oil3FreqSel
00008869   _Oil3FreqSelAry
0000885e   _Oil3MiniNumAry
00008744   _Oil3ModeFlag
00109105   _Oil3ModeTop
00008619   _Oil3NRept123C
00008618   _Oil3NRept3D
0000861b   _Oil3NRept3E
0000861a   _Oil3NRept3F
00008741   _Oil3Ne123C
00008742   _Oil3Ne3D
00008753   _Oil3Ne3E
0000874a   _Oil3Ne3F
00008743   _Oil3Te1C2C3CDEF
0000874b   _Oil3Tw123C
00008749   _Oil3Tw3D
00008747   _Oil3Tw3E
00008748   _Oil3Tw3F
000087c6   _Open180LTime
000086f7   _Open180LTimeHi
000086f6   _Open180LTimeLow
000086f8   _Open180LTimeMS
000087be   _Open180STime
000086ee   _Open180STimeHi
000086ed   _Open180STimeLow
00008767   _P180PrdNum
0000864e   _P3D6FCnt
0000864f   _P3D6FFlag
00008656   _P3D6FFreqSel
000003b7   _P3D6FFreqSelAry
00008650   _P3D6FFreqSelHi
00008651   _P3D6FFreqSelLow
000003ab   _P3D6FMiniNumAry
00108aa0   _P3D6FModeTop
00008648   _P3D6FNRept1C
00008653   _P3D6FNRept2D
00008652   _P3D6FNRept3E
00008655   _P3D6FNRept4F
00008654   _P3D6FNRept5F
0000865a   _P3D6FNe1A
00008660   _P3D6FNe1C
00008659   _P3D6FNe2A
0000865f   _P3D6FNe2D
00008664   _P3D6FNe3A
00008662   _P3D6FNe3E
00008663   _P3D6FNe4A
00008661   _P3D6FNe4F
00008666   _P3D6FNe5B
0000867d   _P3D6FNe5F
00008665   _P3D6FNe6B
0000864b   _P3D6FNe6F
0000864a   _P3D6FTw1C
0000864d   _P3D6FTw2D
0000864c   _P3D6FTw3E
00008647   _P3D6FTw4F
00008646   _P3D6FTw5F
00008649   _P3D6FTw6F
000086b8   _P3D6F_TE_1A
0000865c   _P3D6F_TE_1C
000086b3   _P3D6F_TE_2A
0000865b   _P3D6F_TE_2D
000086b2   _P3D6F_TE_3A
0000865e   _P3D6F_TE_3E
000086b5   _P3D6F_TE_4A
0000865d   _P3D6F_TE_4F
000086b4   _P3D6F_TE_5B
00008658   _P3D6F_TE_5F
000086ba   _P3D6F_TE_6B
00008657   _P3D6F_TE_6F
00008769   _P90PrdNum
003f9576   _PDPINTA_ISR
003f957b   _PDPINTB_ISR
003f965c   _PIE_RESERVED
0000869e   _PP3FCnt
0000038f   _PP3FMiniNumAry
000085ef   _PP3FNRept1C
000085ea   _PP3FNe1A
000085e9   _PP3FNe1C
000085ec   _PP3FNe23DE
000085eb   _PP3FTe1A23DE
000085f1   _PP3FTe1C
0000869f   _PP3FTw1C
0000869a   _PP3FreqSel
00000395   _PP3FreqSelAry
0000869b   _PP3FreqSelHi
000086a0   _PP3FreqSelLow
00008750   _PP6FCmp1
0000874e   _PP6FCmp2
000087ee   _PP6FCnt
00008878   _PP6FMiniNumAry
00008732   _PP6FNRept14C
0000874f   _PP6FNRept36C
00008734   _PP6FNe1346C
00008733   _PP6FNe14A
00008735   _PP6FNe2356DE
0000873d   _PP6FTe1346C
0000872c   _PP6FTe14A2356DE
0000874c   _PP6FTime36DWait
00008731   _PP6FTw1346C
00008880   _PP6FreqSelAry
0000872b   _PP6FreqSelHi
0000872d   _PP6FreqSelLow
00008774   _PP6ModeFlag
00109685   _PP6ModeTop
00008699   _PPHOIL6FCnt
00008693   _PPHOIL6FFlag
000086c1   _PPHOIL6FFreqSel
000003c7   _PPHOIL6FFreqSelAry
000086c2   _PPHOIL6FFreqSelHi
000086bf   _PPHOIL6FFreqSelLow
0000039f   _PPHOIL6FMiniNumAry
0010636c   _PPHOIL6FModeTop
0000868e   _PPHOIL6FNRept1234C
0000868d   _PPHOIL6FNRept5C
00008690   _PPHOIL6FNRept6C
0000868f   _PPHOIL6FNe12345C
0000868a   _PPHOIL6FNe246A
00008689   _PPHOIL6FNe6C
00008694   _PPHOIL6FTw123456C
000086ac   _PPHOIL6F_2Cnt
000086ad   _PPHOIL6F_2Flag
000086b9   _PPHOIL6F_2FreqSel
000003ce   _PPHOIL6F_2FreqSelAry
000086b6   _PPHOIL6F_2FreqSelHi
000086b7   _PPHOIL6F_2FreqSelLow
00000399   _PPHOIL6F_2MiniNumAry
001058bf   _PPHOIL6F_2ModeTop
000086cb   _PPHOIL6F_2NRept123456C
000086af   _PPHOIL6F_2Ne12346C
000086ae   _PPHOIL6F_2Ne246A
000086b1   _PPHOIL6F_2Ne5C
000086aa   _PPHOIL6F_2Tw123456C
000086b0   _PPHOIL6F_2_TE_123456C
000086ab   _PPHOIL6F_2_TE_246A
0000868b   _PPHOIL6F_TE_123456C
0000868c   _PPHOIL6F_TE_1B
00008696   _PPHOIL6F_TE_246A
00008698   _PPHOIL6F_TE_2B
00008695   _PPHOIL6F_TE_3B
00008692   _PPHOIL6F_TE_4B
00008697   _PPHOIL6F_TE_5B
00008691   _PPHOIL6F_TE_6B
000085e4   _PPLOIL6FCnt
000085e3   _PPLOIL6FFlag
000085f0   _PPLOIL6FFreqSel
000003c0   _PPLOIL6FFreqSelAry
000085ed   _PPLOIL6FFreqSelHi
000085ee   _PPLOIL6FFreqSelLow
000003b1   _PPLOIL6FMiniNumAry
00106db4   _PPLOIL6FModeTop
000085fb   _PPLOIL6FNe123456C
000085ff   _PPLOIL6FNe156A1B
000085fe   _PPLOIL6FNe23AB
00008600   _PPLOIL6FNe24DE
00008601   _PPLOIL6FNe4AB
000085e1   _PPLOIL6FTw123456C
000085e8   _PPLOIL6FTw1234B
000085e7   _PPLOIL6FTw24D
000085e2   _PPLOIL6FTw24E
00008602   _PPLOIL6F_TE_123456C
000085fa   _PPLOIL6F_TE_156A1B
000085fd   _PPLOIL6F_TE_23AB
000085e6   _PPLOIL6F_TE_2DE
000085fc   _PPLOIL6F_TE_4AB
000085e5   _PPLOIL6F_TE_4DE
000085f2   _PPLOIL6NRept123456C
000085f5   _PPLOIL6NRept24D
000085f4   _PPLOIL6NRept24E
0000872a   _Pd180Time
00008720   _Pd90Time
00008723   _PdPara1
00008721   _PdPara2
0000871f   _PdPara3
000086eb   _PhaseFlag
00000ce0   _PieCtrlRegs
00000d00   _PieVectTable
000001f8   _PieVectTableInit
0000884c   _Pulse180Width
0000884a   _Pulse180WidthHalf
00008806   _Pulse90StoreAddr
0000884e   _Pulse90Width
003f91b6   _PulseAcq
00008705   _PulseAcqFlag
003f9ef6   _PulseAddrIncrementOne
000087f6   _PulseAmpCrtIQ
0000883e   _PulseAve
00008727   _PulseBuf
00008725   _PulseCalNum
000087ac   _PulseCycle
00008722   _PulseDataCnt
00008702   _PulseDivNum
00008802   _PulseF180StoreAddr
00008728   _PulseGain
00008b40   _PulseGainAry
00008842   _PulseGainIQ
00008804   _PulseL180StoreAddr
00008818   _PulseMid1
00008812   _PulseMid2
00008814   _PulseMid3
00008724   _PulseMid4
00008701   _PulseNum
00008726   _PulseReadBuf
00008840   _PulseRec
00008850   _PulseRecIQ
003f9275   _PulseSave
00008844   _PulseSum
00008703   _PulseTime
003f9148   _PulseTop
003f9526   _RTOSINT_ISR
0000872e   _ReadTableBuf
0000889c   _RelayAry
003f8ec5   _RstNoiseModule
003f8ede   _RstPulseModule
003f9639   _SCIRXINTA_ISR
003f9643   _SCIRXINTB_ISR
003f963e   _SCITXINTA_ISR
003f9648   _SCITXINTB_ISR
000087b8   _SDumpTime
003f9625   _SPIRXINTA_ISR
003f962a   _SPITXINTA_ISR
00008739   _ST12DFlag
0010a0cc   _ST1T2DModeTop
00008777   _ST1T2Flag
00109bfe   _ST1T2ModeTop
00008771   _ST2DFlag
0000863f   _ST2DMiniNum
0010255c   _ST2DModeTop
000086cc   _STimeDec
000086ce   _SaveCnt
003f8566   _SaveEcho
0000879a   _SaveNTempPt
003f819a   _SaveNoise
003f8593   _SavePhaseWord
003f8526   _SavePulse
00008780   _SaveSTempPt
003f84c5   _SaveSignal
003f85a5   _SaveSixFreq
000087ae   _SaveTablePt
000086d4   _ScaleCnt
00008700   _ScaleDDSDiv
0010ac53   _ScaleHoleModeTop
000086dd   _ScaleM
000086dc   _ScaleMn
00008772   _ScaleModeFlag
000086f5   _ScaleNe
000086f3   _ScaleTe
003f81db   _ScanFreqOnce
000086ea   _ScanModeFlag
003f98c3   _ScanModeTop
000086d3   _ScanSignalNum
000086f4   _ScanTE
00007050   _SciaRegs
00007750   _ScibRegs
0000876f   _SdAcqNum1
0000876d   _SdAcqNum2
0000876e   _SdAcqNum3
000087cc   _SdAcqNum4
0000875b   _SdAcqNum4Hi
0000875d   _SdAcqNum4Low
000087ce   _SdAcqNum5
0000875a   _SdAcqNum5Hi
0000875c   _SdAcqNum5Low
000087c8   _SdAcqNum6
00008759   _SdAcqNum6Hi
00008758   _SdAcqNum6Low
000087ca   _SdAcqNum7
00008761   _SdAcqNum7Hi
00008763   _SdAcqNum7Low
000087f8   _SdAcqTimeMid1
000087fa   _SdAcqTimeMid2
000087f4   _SdAcqTimeMid3
000087b2   _SendCnt
003f9bcd   _SendTable
0000876b   _SendTableFlag
00000380   _SendTempPt
00008713   _SftWinWidth
003f8eb8   _ShutdownHV
000086e9   _SiglAcqFreqTim
000086e6   _SiglAcqPrdNum
00008826   _SignalAmpIQ
00008709   _SignalCalNum
00008816   _SignalPhaIQ
00008808   _SinAveIQ
00008828   _SinFour
00008810   _SinOne
0000881e   _SinSumIQ
0000882a   _SinThree
00008824   _SinTwo
00008718   _SingleModeFlag
00007040   _SpiaRegs
003f9124   _StartS1msModule
000086ef   _StepFreq
0000875e   _StoreCnt
003f85c2   _StoreMini
000087b4   _StoreMiniAryPt
00008765   _Strip180Num
00008764   _Strip90Num
00008729   _StripBuf
00007010   _SysCtrlRegs
000085d6   _T12DCBWNReptAB
000085d3   _T12DCBWNeAB
0000862f   _T12DCBWTeAB
0000862c   _T12DCBWTwAB
000085d1   _T12DCPMGNe0AB
000085d5   _T12DCPMGNe1AB
000085d8   _T12DCPMGNe2AB
000085d7   _T12DCPMGNe8AB
000085d2   _T12DCPMGNe9AB
00008632   _T12DCPMGTw0AB
00008626   _T12DCPMGTw1AB
00008631   _T12DCPMGTw2AB
00008630   _T12DCPMGTw8AB
00008633   _T12DCPMGTw9AB
000085df   _T12DCnt
000085d4   _T12DDENeAB
0000862d   _T12DDETwAB
000085dd   _T12DDEmAB
000085de   _T12DDEmnAB
000085e0   _T12DFreqSel
00008858   _T12DMiniNumAry
00008634   _T12DNRept890AB
0000886d   _T12DTelABAry
0000862e   _T12DTesAB
003f95ad   _T1CINT_ISR
003f95b7   _T1OFINT_ISR
003f95a8   _T1PINT_ISR
00008627   _T1T2CBWTe
00008624   _T1T2CPMGTe
00008625   _T1T2Cnt
0000862a   _T1T2FreqSel
0000885b   _T1T2MiniNumAry
000088ca   _T1T2NReptAAry
000088c0   _T1T2NeAAry
000088d4   _T1T2TwAAry
003f95b2   _T1UFINT_ISR
003f95c1   _T2CINT_ISR
00008612   _T2DCBWNeA
00008644   _T2DCBWNeB
00008605   _T2DCBWNreptA
00008637   _T2DCBWNreptB
00008645   _T2DCBWTeA
00008603   _T2DCBWTeAB
00008609   _T2DCBWTwA
0000860d   _T2DCBWTwB
00008610   _T2DCPMGNeA
00008642   _T2DCPMGNeB
00008607   _T2DCPMGTwA
0000860b   _T2DCPMGTwB
00008643   _T2DCnt
00008628   _T2DDCTes
00008606   _T2DDCTesA
0000860f   _T2DDENeA
00008641   _T2DDENeB
0000862b   _T2DDENeBC
00008639   _T2DDETel1B
0000863c   _T2DDETel2B
0000863b   _T2DDETel3B
00008636   _T2DDETel4B
00008635   _T2DDETel5B
00008638   _T2DDETel6B
00008895   _T2DDETelAAry
00008887   _T2DDETelBAry
00008861   _T2DDETelCAry
00008604   _T2DDETesA
00008613   _T2DDETesB
0000860a   _T2DDETwA
0000860e   _T2DDETwB
00008629   _T2DDETwBC
0000860c   _T2DDEm
00008611   _T2DDEmn
0000863e   _T2DFreqSel
00008865   _T2DFreqSelAry
0000863d   _T2DTwMid1
00008640   _T2DTwMid2
003f95cb   _T2OFINT_ISR
003f95bc   _T2PINT_ISR
003f95c6   _T2UFINT_ISR
003f95f3   _T3CINT_ISR
003f95fd   _T3OFINT_ISR
003f95ee   _T3PINT_ISR
003f95f8   _T3UFINT_ISR
003f9607   _T4CINT_ISR
003f9611   _T4OFINT_ISR
003f9602   _T4PINT_ISR
003f960c   _T4UFINT_ISR
003f958f   _TINT0_ISR
0000882e   _TNMid1
00008848   _TNMid2
0000883a   _TNTime
00008751   _TableChgCnt
00008782   _TableTempPt
00008836   _Tel
000087dc   _TelCCheck
000087d8   _TelCmp
0000037a   _TelN
0000883c   _Tes
000087c0   _TesCCheck
00008838   _TesCmp
00000378   _TesN
00008730   _ToMSFreq
000087f0   _ToMSNoiseAddr
000087f2   _ToMSSignalAddr
003f9567   _USER10_ISR
003f956c   _USER11_ISR
003f9571   _USER12_ISR
003f953a   _USER1_ISR
003f953f   _USER2_ISR
003f9544   _USER3_ISR
003f9549   _USER4_ISR
003f954e   _USER5_ISR
003f9553   _USER6_ISR
003f9558   _USER7_ISR
003f955d   _USER8_ISR
003f9562   _USER9_ISR
003f9594   _WAKEINT_ISR
00008717   _WidthCnt
00008775   _WorkMode
000088e9   _WorkModeChoice
003f9580   _XINT1_ISR
003f9d9f   _XINT1_STOP
003f9ad3   _XINT2_DCStorData
003f9585   _XINT2_ISR
00007070   _XIntruptRegs
00000b20   _XintfRegs
0000876a   _ZeroCnt
0000872f   _ZeroOne
00000040   __IQ10atan2
0000011f   __IQ10div
000001ef   __IQ10int
000000bf   __IQ10mag
000001ad   __IQ10sqrt
00000166   __IQ3div
00000800   __STACK_END
00000400   __STACK_SIZE
ffffffff   ___binit__
00000370   ___bss__
ffffffff   ___c_args__
0000033a   ___cinit__
00000370   ___end__
003f9f18   ___etext__
ffffffff   ___pinit__
003f8000   ___text__
003f9ebe   __args_main
000003dc   __cleanup_ptr
000003de   __dtors_ptr
0000037e   __lock
003f9f17   __nop
003f9f13   __register_lock
003f9f0f   __register_unlock
00000400   __stack
0000037c   __unlock
003f9e79   _abort
003f9ce0   _c_int00
003da212   _cinit_loadstart
0000033a   _cinit_runstart
00000016   _cinit_size
00000040   _const_loadstart
00000040   _const_runstart
00000000   _const_size
003da0d0   _econst_loadstart
000001f8   _econst_runstart
00000108   _econst_size
003f9e7b   _exit
000086a1   _flag_pp3
0010a7c3   _freq3PP_top
003f9666   _main
00000040   _pinit_loadstart
00000040   _pinit_runstart
00000000   _pinit_size
003e514b   _ramfuncs_loadstart
003f9f18   _ramfuncs_runstart
00000004   _ramfuncs_size
003f9661   _rsvd_ISR
003da1d8   _switch_loadstart
00000300   _switch_runstart
0000003a   _switch_size
003d8000   _text_loadstart
003f8000   _text_runstart
00001f18   _text_size
ffffffff   binit
0000033a   cinit
003f7ff6   code_start
003e514f   copy_sections
00000370   end
003f9f18   etext
ffffffff   pinit


GLOBAL SYMBOLS: SORTED BY Symbol Address 

address    name
--------   ----
00000000   _const_size
00000000   _pinit_size
00000004   _ramfuncs_size
00000016   _cinit_size
0000003a   _switch_size
00000040   _IQmath_runstart
00000040   __IQ10atan2
00000040   _const_loadstart
00000040   _const_runstart
00000040   _pinit_loadstart
00000040   _pinit_runstart
000000bf   __IQ10mag
00000108   _econst_size
0000011f   __IQ10div
00000166   __IQ3div
000001ad   __IQ10sqrt
000001b8   _IQmath_size
000001ef   __IQ10int
000001f8   _PieVectTableInit
000001f8   _econst_runstart
00000300   _switch_runstart
0000033a   ___cinit__
0000033a   _cinit_runstart
0000033a   cinit
00000370   .bss
00000370   _CpuTimer0
00000370   ___bss__
00000370   ___end__
00000370   end
00000378   _TesN
0000037a   _TelN
0000037c   __unlock
0000037e   __lock
00000380   _SendTempPt
00000382   _FBW2FMiniNumAry
00000384   _HRT1T22FMiniNumAry
00000386   _HRT1T22FFreqSelAry
00000389   _FBW2FFreqSelAry
0000038c   _DFT1T2DFreqSelAry
0000038f   _PP3FMiniNumAry
00000392   _DFT1T2DMiniNumAry
00000395   _PP3FreqSelAry
00000399   _PPHOIL6F_2MiniNumAry
0000039f   _PPHOIL6FMiniNumAry
000003a5   _Gas6_2FMiniNumAry
000003ab   _P3D6FMiniNumAry
000003b1   _PPLOIL6FMiniNumAry
000003b7   _P3D6FFreqSelAry
000003c0   _PPLOIL6FFreqSelAry
000003c7   _PPHOIL6FFreqSelAry
000003ce   _PPHOIL6F_2FreqSelAry
000003d5   _Gas6_2FreqSelAry
000003dc   __cleanup_ptr
000003de   __dtors_ptr
00000400   __STACK_SIZE
00000400   __stack
00000800   __STACK_END
00000880   _DevEmuRegs
00000a80   _FlashRegs
00000ae0   _CsmRegs
00000b20   _XintfRegs
00000c00   _CpuTimer0Regs
00000ce0   _PieCtrlRegs
00000d00   _PieVectTable
00001f18   _text_size
00006000   _ECanaRegs
00006040   _ECanaLAMRegs
00006080   _ECanaMOTSRegs
000060c0   _ECanaMOTORegs
00006100   _ECanaMboxes
00007010   _SysCtrlRegs
00007040   _SpiaRegs
00007050   _SciaRegs
00007070   _XIntruptRegs
000070c0   _GpioMuxRegs
000070e0   _GpioDataRegs
00007100   _AdcRegs
00007400   _EvaRegs
00007500   _EvbRegs
00007750   _ScibRegs
00007800   _McbspaRegs
000085c0   _DFT1T2D_TEL2_DE
000085c1   _DFT1T2D_TEL1_DE
000085c2   _DFT1T2D_TEL4_DE
000085c3   _DFT1T2D_TEL3_DE
000085c4   _DFT1T2D_TW_CBW
000085c5   _DFT1T2D_TW_DE
000085c6   _DFT1T2D_TES_DE_T2_T1
000085c7   _DFT1T2D_TE_CBW
000085c8   _DFT1T2D_NE_A9B9
000085c9   _DFT1T2D_NE_A8B8
000085ca   _DFT1T2D_NE_DE
000085cb   _DFT1T2D_NE_A10B10
000085cc   _DFT1T2D_NREPT_CBW
000085cd   _DFT1T2D_TEL5_DE
000085ce   _DFT1T2D_NE_A2B2
000085cf   _DFT1T2D_NE_A1B1
000085d0   _DFT1T2D_NE_CBW
000085d1   _T12DCPMGNe0AB
000085d2   _T12DCPMGNe9AB
000085d3   _T12DCBWNeAB
000085d4   _T12DDENeAB
000085d5   _T12DCPMGNe1AB
000085d6   _T12DCBWNReptAB
000085d7   _T12DCPMGNe8AB
000085d8   _T12DCPMGNe2AB
000085d9   _DFT1T2D_TW_A2B2
000085da   _DFT1T2D_TW_A1B1
000085db   _DFT1T2D_TW_A9B9
000085dc   _DFT1T2D_TW_A8B8
000085dd   _T12DDEmAB
000085de   _T12DDEmnAB
000085df   _T12DCnt
000085e0   _T12DFreqSel
000085e1   _PPLOIL6FTw123456C
000085e2   _PPLOIL6FTw24E
000085e3   _PPLOIL6FFlag
000085e4   _PPLOIL6FCnt
000085e5   _PPLOIL6F_TE_4DE
000085e6   _PPLOIL6F_TE_2DE
000085e7   _PPLOIL6FTw24D
000085e8   _PPLOIL6FTw1234B
000085e9   _PP3FNe1C
000085ea   _PP3FNe1A
000085eb   _PP3FTe1A23DE
000085ec   _PP3FNe23DE
000085ed   _PPLOIL6FFreqSelHi
000085ee   _PPLOIL6FFreqSelLow
000085ef   _PP3FNRept1C
000085f0   _PPLOIL6FFreqSel
000085f1   _PP3FTe1C
000085f2   _PPLOIL6NRept123456C
000085f3   _DFT1T2DFreqSel
000085f4   _PPLOIL6NRept24E
000085f5   _PPLOIL6NRept24D
000085f6   _DFT1T2D_group_DE
000085f7   _DFT1T2D_TW_A10B10
000085f8   _DFT1T2D_cnt
000085f9   _DFT1T2D_DE_TEL_num
000085fa   _PPLOIL6F_TE_156A1B
000085fb   _PPLOIL6FNe123456C
000085fc   _PPLOIL6F_TE_4AB
000085fd   _PPLOIL6F_TE_23AB
000085fe   _PPLOIL6FNe23AB
000085ff   _PPLOIL6FNe156A1B
00008600   _PPLOIL6FNe24DE
00008601   _PPLOIL6FNe4AB
00008602   _PPLOIL6F_TE_123456C
00008603   _T2DCBWTeAB
00008604   _T2DDETesA
00008605   _T2DCBWNreptA
00008606   _T2DDCTesA
00008607   _T2DCPMGTwA
00008608   _Gas6Cnt
00008609   _T2DCBWTwA
0000860a   _T2DDETwA
0000860b   _T2DCPMGTwB
0000860c   _T2DDEm
0000860d   _T2DCBWTwB
0000860e   _T2DDETwB
0000860f   _T2DDENeA
00008610   _T2DCPMGNeA
00008611   _T2DDEmn
00008612   _T2DCBWNeA
00008613   _T2DDETesB
00008614   _Gas6ModeFlag
00008615   _Oil3Cnt
00008616   _Gas6FreqSelHi
00008617   _Gas6FreqSelLow
00008618   _Oil3NRept3D
00008619   _Oil3NRept123C
0000861a   _Oil3NRept3F
0000861b   _Oil3NRept3E
0000861c   _Gas6NRept24D
0000861d   _Gas6Tw24E
0000861e   _Gas6NRept1234C
0000861f   _Gas6NRept24E
00008620   _Gas6Ne123456C24DE
00008621   _Gas6Te123456C24DE
00008622   _Gas6Tw24D
00008623   _Gas6Tw123456C
00008624   _T1T2CPMGTe
00008625   _T1T2Cnt
00008626   _T12DCPMGTw1AB
00008627   _T1T2CBWTe
00008628   _T2DDCTes
00008629   _T2DDETwBC
0000862a   _T1T2FreqSel
0000862b   _T2DDENeBC
0000862c   _T12DCBWTwAB
0000862d   _T12DDETwAB
0000862e   _T12DTesAB
0000862f   _T12DCBWTeAB
00008630   _T12DCPMGTw8AB
00008631   _T12DCPMGTw2AB
00008632   _T12DCPMGTw0AB
00008633   _T12DCPMGTw9AB
00008634   _T12DNRept890AB
00008635   _T2DDETel5B
00008636   _T2DDETel4B
00008637   _T2DCBWNreptB
00008638   _T2DDETel6B
00008639   _T2DDETel1B
0000863a   _Gas6NRept56C
0000863b   _T2DDETel3B
0000863c   _T2DDETel2B
0000863d   _T2DTwMid1
0000863e   _T2DFreqSel
0000863f   _ST2DMiniNum
00008640   _T2DTwMid2
00008641   _T2DDENeB
00008642   _T2DCPMGNeB
00008643   _T2DCnt
00008644   _T2DCBWNeB
00008645   _T2DCBWTeA
00008646   _P3D6FTw5F
00008647   _P3D6FTw4F
00008648   _P3D6FNRept1C
00008649   _P3D6FTw6F
0000864a   _P3D6FTw1C
0000864b   _P3D6FNe6F
0000864c   _P3D6FTw3E
0000864d   _P3D6FTw2D
0000864e   _P3D6FCnt
0000864f   _P3D6FFlag
00008650   _P3D6FFreqSelHi
00008651   _P3D6FFreqSelLow
00008652   _P3D6FNRept3E
00008653   _P3D6FNRept2D
00008654   _P3D6FNRept5F
00008655   _P3D6FNRept4F
00008656   _P3D6FFreqSel
00008657   _P3D6F_TE_6F
00008658   _P3D6F_TE_5F
00008659   _P3D6FNe2A
0000865a   _P3D6FNe1A
0000865b   _P3D6F_TE_2D
0000865c   _P3D6F_TE_1C
0000865d   _P3D6F_TE_4F
0000865e   _P3D6F_TE_3E
0000865f   _P3D6FNe2D
00008660   _P3D6FNe1C
00008661   _P3D6FNe4F
00008662   _P3D6FNe3E
00008663   _P3D6FNe4A
00008664   _P3D6FNe3A
00008665   _P3D6FNe6B
00008666   _P3D6FNe5B
00008667   _HRT1T22FMode_NE_B5
00008668   _HRT1T22FMode_NE_B4
00008669   _HRT1T22FMode_NE_B7
0000866a   _HRT1T22FMode_NE_B6
0000866b   _HRT1T22FMode_NE_B1
0000866c   _HRT1T22FMode_NE_A1
0000866d   _HRT1T22FMode_NE_B3
0000866e   _HRT1T22FMode_NE_B2
0000866f   _HRT1T22FMode_NREPT_B7
00008670   _HRT1T22FMode_NREPT_B6
00008671   _HRT1T22FCnt
00008672   _HRT1T22FFlag
00008673   _HRT1T22FMode_NREPT_B3
00008674   _HRT1T22FMode_NREPT_B2
00008675   _HRT1T22FMode_NREPT_B5
00008676   _HRT1T22FMode_NREPT_B4
00008677   _HRT1T22FFreqSel
00008678   _HRT1T22FMode_TW_B4
00008679   _HRT1T22FMode_TW_B3
0000867a   _HRT1T22FMode_TW_B6
0000867b   _HRT1T22FMode_TW_B5
0000867c   _HRT1T22FMode_TW_A1
0000867d   _P3D6FNe5F
0000867e   _HRT1T22FMode_TW_B2
0000867f   _HRT1T22FMode_TW_B1
00008680   _HRT1T22FMode_TE_B4
00008681   _HRT1T22FMode_TE_B3
00008682   _HRT1T22FMode_TE_B6
00008683   _HRT1T22FMode_TE_B5
00008684   _HRT1T22FMode_TE_A1
00008685   _HRT1T22FMode_TW_B7
00008686   _HRT1T22FMode_TE_B2
00008687   _HRT1T22FMode_TE_B1
00008688   _HRT1T22FMode_TE_B7
00008689   _PPHOIL6FNe6C
0000868a   _PPHOIL6FNe246A
0000868b   _PPHOIL6F_TE_123456C
0000868c   _PPHOIL6F_TE_1B
0000868d   _PPHOIL6FNRept5C
0000868e   _PPHOIL6FNRept1234C
0000868f   _PPHOIL6FNe12345C
00008690   _PPHOIL6FNRept6C
00008691   _PPHOIL6F_TE_6B
00008692   _PPHOIL6F_TE_4B
00008693   _PPHOIL6FFlag
00008694   _PPHOIL6FTw123456C
00008695   _PPHOIL6F_TE_3B
00008696   _PPHOIL6F_TE_246A
00008697   _PPHOIL6F_TE_5B
00008698   _PPHOIL6F_TE_2B
00008699   _PPHOIL6FCnt
0000869a   _PP3FreqSel
0000869b   _PP3FreqSelHi
0000869c   _FBW2FNe12B
0000869d   _FBW2FNRept12C
0000869e   _PP3FCnt
0000869f   _PP3FTw1C
000086a0   _PP3FreqSelLow
000086a1   _flag_pp3
000086a2   _FBW2FFlag
000086a3   _FBW2FCnt
000086a4   _FBW2FFreqSelHi
000086a5   _FBW2FFreqSelLow
000086a6   _FBW2FTe12B
000086a7   _FBW2FNe12C
000086a8   _FBW2FTw12C
000086a9   _FBW2FTe12C
000086aa   _PPHOIL6F_2Tw123456C
000086ab   _PPHOIL6F_2_TE_246A
000086ac   _PPHOIL6F_2Cnt
000086ad   _PPHOIL6F_2Flag
000086ae   _PPHOIL6F_2Ne246A
000086af   _PPHOIL6F_2Ne12346C
000086b0   _PPHOIL6F_2_TE_123456C
000086b1   _PPHOIL6F_2Ne5C
000086b2   _P3D6F_TE_3A
000086b3   _P3D6F_TE_2A
000086b4   _P3D6F_TE_5B
000086b5   _P3D6F_TE_4A
000086b6   _PPHOIL6F_2FreqSelHi
000086b7   _PPHOIL6F_2FreqSelLow
000086b8   _P3D6F_TE_1A
000086b9   _PPHOIL6F_2FreqSel
000086ba   _P3D6F_TE_6B
000086bb   _Gas6_2FreqSelLow
000086bc   _Gas6_2ModeFlag
000086bd   _Gas6_2Te123456C24DE
000086be   _Gas6_2FreqSelHi
000086bf   _PPHOIL6FFreqSelLow
000086c0   _FBW2FFreqSel
000086c1   _PPHOIL6FFreqSel
000086c2   _PPHOIL6FFreqSelHi
000086c3   _Gas6_2NRept24E
000086c4   _Gas6_2NRept24D
000086c5   _Gas6_2Cnt
000086c6   _Gas6_2NRept123456C
000086c7   _Gas6_2Tw123456C
000086c8   _Gas6_2Ne123456C24DE
000086c9   _Gas6_2Tw24E
000086ca   _Gas6_2Tw24D
000086cb   _PPHOIL6F_2NRept123456C
000086cc   _STimeDec
000086cd   _NTimeDec
000086ce   _SaveCnt
000086cf   _DumpSustainFlag
000086d0   _CycleFlag
000086d1   _InverseTurnFlag
000086d2   _BandCnt
000086d3   _ScanSignalNum
000086d4   _ScaleCnt
000086d5   _FreqScan
000086d6   _MiniFreqCnt
000086d7   _MiniFreq
000086d8   _NoiseAcqNum
000086d9   _NoiseDivNum
000086da   _NoiseAcqCnt
000086db   _Ne
000086dc   _ScaleMn
000086dd   _ScaleM
000086de   _EchoAcqTimeFHalf
000086df   _EchoAcqTimeBHalf
000086e0   _EchoAcqTime
000086e1   _DSTTimeOne
000086e2   _DCWorkFreq
000086e3   _NoiseDivFreq
000086e4   _Cut180STimeLow
000086e5   _Cut180STimeHi
000086e6   _SiglAcqPrdNum
000086e7   _Cut180LTimeLow
000086e8   _Cut180LTimeHi
000086e9   _SiglAcqFreqTim
000086ea   _ScanModeFlag
000086eb   _PhaseFlag
000086ec   _EchoAcqNum
000086ed   _Open180STimeLow
000086ee   _Open180STimeHi
000086ef   _StepFreq
000086f0   _Cut90TimeHi
000086f1   _NoiseAcqFreq
000086f2   _Cut90TimeLow
000086f3   _ScaleTe
000086f4   _ScanTE
000086f5   _ScaleNe
000086f6   _Open180LTimeLow
000086f7   _Open180LTimeHi
000086f8   _Open180LTimeMS
000086f9   _CutI90TimeHi
000086fa   _NoiseAcqTim
000086fb   _MatAcqFreqTim
000086fc   _MatTime
000086fd   _BriMid
000086fe   _HalfFreqNum
000086ff   _BriWidthData
00008700   _ScaleDDSDiv
00008701   _PulseNum
00008702   _PulseDivNum
00008703   _PulseTime
00008704   _MatFreq
00008705   _PulseAcqFlag
00008706   _MatFreqSel
00008707   _CalDivData
00008708   _DumpPara1
00008709   _SignalCalNum
0000870a   _DDSCfgLow
0000870b   _DDSCfgHi
0000870c   _AdderCnt
0000870d   _DumpPara6
0000870e   _MainDumpTime
0000870f   _DumpPara5
00008710   _DumpPara3
00008711   _DumpPara4
00008712   _DumpPara2
00008713   _SftWinWidth
00008714   _DCFreqSel
00008715   _HegtWidth
00008716   _DEMn
00008717   _WidthCnt
00008718   _SingleModeFlag
00008719   _DCm
0000871a   _CutI90TimeLow
0000871b   _DCMn
0000871c   _DCTes
0000871d   _DCNe
0000871e   _DCPulseWidth
0000871f   _PdPara3
00008720   _Pd90Time
00008721   _PdPara2
00008722   _PulseDataCnt
00008723   _PdPara1
00008724   _PulseMid4
00008725   _PulseCalNum
00008726   _PulseReadBuf
00008727   _PulseBuf
00008728   _PulseGain
00008729   _StripBuf
0000872a   _Pd180Time
0000872b   _PP6FreqSelHi
0000872c   _PP6FTe14A2356DE
0000872d   _PP6FreqSelLow
0000872e   _ReadTableBuf
0000872f   _ZeroOne
00008730   _ToMSFreq
00008731   _PP6FTw1346C
00008732   _PP6FNRept14C
00008733   _PP6FNe14A
00008734   _PP6FNe1346C
00008735   _PP6FNe2356DE
00008736   _ChangeTableBuf
00008737   _CaseBuffer
00008738   _DFT1T2DFlag
00008739   _ST12DFlag
0000873a   _DT12DFlag
0000873b   _DT1T2Flag
0000873c   _ChgTable99AFlag
0000873d   _PP6FTe1346C
0000873e   _ChgTable999Flag
0000873f   _ChgTable995Flag
00008740   _ChgTable996Flag
00008741   _Oil3Ne123C
00008742   _Oil3Ne3D
00008743   _Oil3Te1C2C3CDEF
00008744   _Oil3ModeFlag
00008745   _Oil3FreqSel
00008746   _MiniBuf
00008747   _Oil3Tw3E
00008748   _Oil3Tw3F
00008749   _Oil3Tw3D
0000874a   _Oil3Ne3F
0000874b   _Oil3Tw123C
0000874c   _PP6FTime36DWait
0000874d   _EchoNum
0000874e   _PP6FCmp2
0000874f   _PP6FNRept36C
00008750   _PP6FCmp1
00008751   _TableChgCnt
00008752   _MiniNoiseMax
00008753   _Oil3Ne3E
00008754   _MiniCycCnt3
00008755   _MiniCycCnt1
00008756   _MiniCycCnt2
00008757   _FreqNum2
00008758   _SdAcqNum6Low
00008759   _SdAcqNum6Hi
0000875a   _SdAcqNum5Hi
0000875b   _SdAcqNum4Hi
0000875c   _SdAcqNum5Low
0000875d   _SdAcqNum4Low
0000875e   _StoreCnt
0000875f   _HVState
00008760   _CutTimeLow
00008761   _SdAcqNum7Hi
00008762   _CutTimeHi
00008763   _SdAcqNum7Low
00008764   _Strip90Num
00008765   _Strip180Num
00008766   _Acq180Num
00008767   _P180PrdNum
00008768   _Acq90Num
00008769   _P90PrdNum
0000876a   _ZeroCnt
0000876b   _SendTableFlag
0000876c   _DENum
0000876d   _SdAcqNum2
0000876e   _SdAcqNum3
0000876f   _SdAcqNum1
00008770   _HoleModeFlag
00008771   _ST2DFlag
00008772   _ScaleModeFlag
00008773   _DownTableFlag
00008774   _PP6ModeFlag
00008775   _WorkMode
00008776   _McbspRcvBuf
00008777   _ST1T2Flag
00008778   _DT2DFlag
00008779   _MT2DFlag
0000877a   _CheckTablePt
0000877c   _DDSMid1
0000877e   _NoiseSquAveIQ3
00008780   _SaveSTempPt
00008782   _TableTempPt
00008784   _DDSRefItg
00008786   _DDSRefDcm
00008788   _DDSMid7
0000878a   _NoiseAveShiftIQ
0000878c   _NoiseSum
0000878e   _DDSCfgWords
00008790   _DDSMid2
00008792   _DDSMid3
00008794   _DDSFreq
00008796   _DDSMid5
00008798   _DDSMid6
0000879a   _SaveNTempPt
0000879c   _DDSMid4
0000879e   _CutTime
000087a0   _NoiseOfsIQ
000087a2   _NoiseOfsIQ3
000087a4   _NoiseSqrAveIQ
000087a6   _NoiseSquSumIQ3
000087a8   _NoiseOfsAbsIQ
000087aa   _MDumpTime
000087ac   _PulseCycle
000087ae   _SaveTablePt
000087b0   _MiniTablePt
000087b2   _SendCnt
000087b4   _StoreMiniAryPt
000087b6   _NoiseMaxValIQ
000087b8   _SDumpTime
000087ba   _NoiseAveIQ
000087bc   _NoiseCalNumIQ
000087be   _Open180STime
000087c0   _TesCCheck
000087c2   _Cut180LTime
000087c4   _Cut180STime
000087c6   _Open180LTime
000087c8   _SdAcqNum6
000087ca   _SdAcqNum7
000087cc   _SdAcqNum4
000087ce   _SdAcqNum5
000087d0   _Cmp90
000087d2   _CmpI90
000087d4   _CmpTesHalf
000087d6   _CmpTelHalf
000087d8   _TelCmp
000087da   _CutI90Time
000087dc   _TelCCheck
000087de   _Cmp180BHalf
000087e0   _Cut90Time
000087e2   _MiniStorAddr3
000087e4   _MiniStorAddr2
000087e6   _MiniStorAddr5
000087e8   _MiniStorAddr4
000087ea   _MiniStorAddr6
000087ec   _DataTotalNum
000087ee   _PP6FCnt
000087f0   _ToMSNoiseAddr
000087f2   _ToMSSignalAddr
000087f4   _SdAcqTimeMid3
000087f6   _PulseAmpCrtIQ
000087f8   _SdAcqTimeMid1
000087fa   _SdAcqTimeMid2
000087fc   _Cmp180FHalf
000087fe   _EchoStorAddr
00008800   _MiniStorAddr1
00008802   _PulseF180StoreAddr
00008804   _PulseL180StoreAddr
00008806   _Pulse90StoreAddr
00008808   _SinAveIQ
0000880a   _CosAveIQ
0000880c   _ChgTablePt
0000880e   _CosSumIQ
00008810   _SinOne
00008812   _PulseMid2
00008814   _PulseMid3
00008816   _SignalPhaIQ
00008818   _PulseMid1
0000881a   _CosThree
0000881c   _CosTwo
0000881e   _SinSumIQ
00008820   _CosFour
00008822   _CosFive
00008824   _SinTwo
00008826   _SignalAmpIQ
00008828   _SinFour
0000882a   _SinThree
0000882c   _EchoMid4
0000882e   _TNMid1
00008830   _EchoMid2
00008832   _EchoMid3
00008834   _EchoMid1
00008836   _Tel
00008838   _TesCmp
0000883a   _TNTime
0000883c   _Tes
0000883e   _PulseAve
00008840   _PulseRec
00008842   _PulseGainIQ
00008844   _PulseSum
00008846   _CosOne
00008848   _TNMid2
0000884a   _Pulse180WidthHalf
0000884c   _Pulse180Width
0000884e   _Pulse90Width
00008850   _PulseRecIQ
00008852   _DT2DMiniNumAry
00008855   _MT2DMiniNumAry
00008858   _T12DMiniNumAry
0000885b   _T1T2MiniNumAry
0000885e   _Oil3MiniNumAry
00008861   _T2DDETelCAry
00008865   _T2DFreqSelAry
00008869   _Oil3FreqSelAry
0000886d   _T12DTelABAry
00008872   _Gas6FMiniNumAry
00008878   _PP6FMiniNumAry
00008880   _PP6FreqSelAry
00008887   _T2DDETelBAry
0000888e   _Gas6FreqSelAry
00008895   _T2DDETelAAry
0000889c   _RelayAry
000088a5   _NintyWidthAry
000088ae   _FreqAry
000088c0   _T1T2NeAAry
000088ca   _T1T2NReptAAry
000088d4   _T1T2TwAAry
000088de   _AdderLowAry
000088e9   _WorkModeChoice
00008900   _AdderResAry
00008916   _MiniAddAry
00008940   _NoiseDataAry
00008b40   _PulseGainAry
0000af23   _Datatable_size
00100000   _ChangeTable995
00100000   _Datatable_runstart
001000a1   _ChangeTable996
00100135   _ChangeTable999
001001e9   _ChangeTable99A
0010021a   _CheckWorkMode
0010023e   _CheckReadTable
0010255c   _ST2DModeTop
001027ff   _DT2DModeTop
00103533   _MT2DModeTop
00103a25   _DFT1T2DModeTop
00104b46   _InitAll
00104c40   _InitTable
00104d24   _InitPulseGain
0010570a   _InitGpio
00105718   _InitFPGA
00105738   _InitVariables
00105880   _InitInterruptMcbsp
00105892   _LoadParaDis
001058bf   _PPHOIL6F_2ModeTop
0010636c   _PPHOIL6FModeTop
00106db4   _PPLOIL6FModeTop
0010778d   _Gas6ModeTop
0010812b   _Gas6_2ModeTop
00108aa0   _P3D6FModeTop
00109105   _Oil3ModeTop
00109685   _PP6ModeTop
00109bfe   _ST1T2ModeTop
0010a0cc   _ST1T2DModeTop
0010a487   _HRT1T22FModeTop
0010a7c3   _freq3PP_top
0010aa42   _FBW2FModeTop
0010ac53   _ScaleHoleModeTop
0010ae49   _DeCpmgTop
003d8000   _text_loadstart
003d9f18   _IQmath_loadstart
003da0d0   _econst_loadstart
003da1d8   _switch_loadstart
003da212   _cinit_loadstart
003da228   _Datatable_loadstart
003e514b   _ramfuncs_loadstart
003e514f   copy_sections
003f7ff6   code_start
003f7ff8   _CsmPwl
003f8000   .text
003f8000   _Delay
003f8000   ___text__
003f8000   _text_runstart
003f8015   _McbspSendData
003f8041   _AcqNoise
003f80b4   _CalNoise
003f819a   _SaveNoise
003f81db   _ScanFreqOnce
003f8246   _CalSignal
003f84c5   _SaveSignal
003f84de   _MiniScan
003f8526   _SavePulse
003f8566   _SaveEcho
003f8593   _SavePhaseWord
003f85a5   _SaveSixFreq
003f85c2   _StoreMini
003f8691   _ChangePhase
003f869d   _DCWorkOnce
003f8eb8   _ShutdownHV
003f8ec5   _RstNoiseModule
003f8ede   _RstPulseModule
003f8ef7   _LoadDDSPara
003f8f9e   _LoadBriDumpPara
003f908d   _LoadPdPara
003f9124   _StartS1msModule
003f9148   _PulseTop
003f91b6   _PulseAcq
003f9275   _PulseSave
003f9364   _MRINTA_ISR1
003f9517   _INT13_ISR
003f951c   _INT14_ISR
003f9521   _DATALOG_ISR
003f9526   _RTOSINT_ISR
003f952b   _EMUINT_ISR
003f9530   _NMI_ISR
003f9535   _ILLEGAL_ISR
003f953a   _USER1_ISR
003f953f   _USER2_ISR
003f9544   _USER3_ISR
003f9549   _USER4_ISR
003f954e   _USER5_ISR
003f9553   _USER6_ISR
003f9558   _USER7_ISR
003f955d   _USER8_ISR
003f9562   _USER9_ISR
003f9567   _USER10_ISR
003f956c   _USER11_ISR
003f9571   _USER12_ISR
003f9576   _PDPINTA_ISR
003f957b   _PDPINTB_ISR
003f9580   _XINT1_ISR
003f9585   _XINT2_ISR
003f958a   _ADCINT_ISR
003f958f   _TINT0_ISR
003f9594   _WAKEINT_ISR
003f9599   _CMP1INT_ISR
003f959e   _CMP2INT_ISR
003f95a3   _CMP3INT_ISR
003f95a8   _T1PINT_ISR
003f95ad   _T1CINT_ISR
003f95b2   _T1UFINT_ISR
003f95b7   _T1OFINT_ISR
003f95bc   _T2PINT_ISR
003f95c1   _T2CINT_ISR
003f95c6   _T2UFINT_ISR
003f95cb   _T2OFINT_ISR
003f95d0   _CAPINT1_ISR
003f95d5   _CAPINT2_ISR
003f95da   _CAPINT3_ISR
003f95df   _CMP4INT_ISR
003f95e4   _CMP5INT_ISR
003f95e9   _CMP6INT_ISR
003f95ee   _T3PINT_ISR
003f95f3   _T3CINT_ISR
003f95f8   _T3UFINT_ISR
003f95fd   _T3OFINT_ISR
003f9602   _T4PINT_ISR
003f9607   _T4CINT_ISR
003f960c   _T4UFINT_ISR
003f9611   _T4OFINT_ISR
003f9616   _CAPINT4_ISR
003f961b   _CAPINT5_ISR
003f9620   _CAPINT6_ISR
003f9625   _SPIRXINTA_ISR
003f962a   _SPITXINTA_ISR
003f962f   _MRINTA_ISR
003f9634   _MXINTA_ISR
003f9639   _SCIRXINTA_ISR
003f963e   _SCITXINTA_ISR
003f9643   _SCIRXINTB_ISR
003f9648   _SCITXINTB_ISR
003f964d   _ECAN0INTA_ISR
003f9652   _ECAN1INTA_ISR
003f9657   _EMPTY_ISR
003f965c   _PIE_RESERVED
003f9661   _rsvd_ISR
003f9666   _main
003f979f   _InitSysCtrl
003f982e   _InitFlash
003f9845   _KickDog
003f984f   _DisableDog
003f9857   _InitPll
003f9878   _InitPeripheralClocks
003f9892   _CsmUnlock
003f98c3   _ScanModeTop
003f99cd   FD$$MPY
003f9a50   FS$$DIV
003f9ad3   _XINT2_DCStorData
003f9b55   FS$$SUB
003f9b5a   FS$$ADD
003f9bcd   _SendTable
003f9bfa   _DownloadTable
003f9c3a   FS$$MPY
003f9c94   _InitMcbsp
003f9cd5   _Mcbsp_TxRdy
003f9ce0   _c_int00
003f9d24   L$$DIV
003f9d33   L$$MOD
003f9d41   UL$$DIV
003f9d48   UL$$MOD
003f9d4e   FS$$TOL
003f9d77   _InitPieCtrl
003f9d96   _EnableInterrupts
003f9d9f   _XINT1_STOP
003f9dc4   FS$$TOUL
003f9de5   _InitPieVectTable
003f9e05   FD$$TOL
003f9e24   FS$$TOU
003f9e41   FS$$TOFD
003f9e5d   L$$TOFD
003f9e79   C$$EXIT
003f9e79   _abort
003f9e7b   _exit
003f9e91   U$$TOFD
003f9ea8   UL$$TOFD
003f9ebe   __args_main
003f9ed3   UL$$TOFS
003f9ee6   U$$TOFS
003f9ef6   _PulseAddrIncrementOne
003f9f04   U$$DIV
003f9f09   U$$MOD
003f9f0f   __register_unlock
003f9f13   __register_lock
003f9f17   __nop
003f9f18   _DSP28x_usDelay
003f9f18   ___etext__
003f9f18   _ramfuncs_runstart
003f9f18   etext
003ff000   _IQsinTable
003ff100   _IQcosTable
003ff400   _IQsinTableEnd
003ff502   _IQcosTableEnd
003ff502   _IQdivRoundSatTable
003ff510   _IQdivTable
003ff712   _IQdivTableEnd
003ff712   _IQisqrtRoundSatTable
003ff712   _IQsqrtRoundSatTable
003ff722   _IQisqrtTable
003ff722   _IQsqrtTable
003ff824   _IQatan2HalfPITable
003ff824   _IQisqrtTableEnd
003ff824   _IQsqrtTableEnd
003ff862   _IQatan2Table
003ff9e8   _IQ30mpyRndSatTable
003ff9e8   _IQatan2TableEnd
003ff9e8   _IQmpyRndSatTable
003ff9f4   _IQ29mpyRndSatTable
003ffa00   _IQ28mpyRndSatTable
003ffa0c   _IQ27mpyRndSatTable
003ffa18   _IQ26mpyRndSatTable
003ffa24   _IQ25mpyRndSatTable
003ffa30   _IQ24mpyRndSatTable
003ffa3c   _IQ23mpyRndSatTable
003ffa48   _IQ22mpyRndSatTable
003ffa54   _IQ21mpyRndSatTable
003ffa60   _IQ20mpyRndSatTable
003ffa6c   _IQ19mpyRndSatTable
003ffa78   _IQ18mpyRndSatTable
003ffa84   _IQ17mpyRndSatTable
003ffa90   _IQ16mpyRndSatTable
003ffa9c   _IQ15mpyRndSatTable
003ffaa8   _IQ14mpyRndSatTable
003ffab4   _IQ13mpyRndSatTable
003ffac0   _IQ12mpyRndSatTable
003ffacc   _IQ11mpyRndSatTable
003ffad8   _IQ10mpyRndSatTable
003ffae4   _IQ9mpyRndSatTable
003ffaf0   _IQ8mpyRndSatTable
003ffafc   _IQ7mpyRndSatTable
003ffb08   _IQ6mpyRndSatTable
003ffb14   _IQ5mpyRndSatTable
003ffb20   _IQ4mpyRndSatTable
003ffb2c   _IQ3mpyRndSatTable
003ffb38   _IQ2mpyRndSatTable
003ffb44   _IQ1mpyRndSatTable
003ffb50   _IQmpyRndSatTableEnd
ffffffff   ___binit__
ffffffff   ___c_args__
ffffffff   ___pinit__
ffffffff   binit
ffffffff   pinit

[905 symbols]
